Component: ARM Compiler 5.05 update 1 (build 106) Tool: armlink [4d0efa]

==============================================================================

Section Cross References

    main.o(i.main) refers to delay.o(i.delay_init) for delay_init
    main.o(i.main) refers to misc.o(i.NVIC_PriorityGroupConfig) for NVIC_PriorityGroupConfig
    main.o(i.main) refers to usart.o(i.uart_init) for uart_init
    main.o(i.main) refers to led.o(i.LED_Init) for LED_Init
    main.o(i.main) refers to key.o(i.KEY_Init) for KEY_Init
    main.o(i.main) refers to adc.o(i.Adc_Init) for Adc_Init
    main.o(i.main) refers to lcd.o(i.LCD_Init) for LCD_Init
    main.o(i.main) refers to dac.o(i.Dac1_Init) for Dac1_Init
    main.o(i.main) refers to lcd.o(i.LCD_ShowString) for LCD_ShowString
    main.o(i.main) refers to stm32f10x_dac.o(i.DAC_SetChannel1Data) for DAC_SetChannel1Data
    main.o(i.main) refers to key.o(i.KEY_Scan) for KEY_Scan
    main.o(i.main) refers to stm32f10x_dac.o(i.DAC_GetDataOutputValue) for DAC_GetDataOutputValue
    main.o(i.main) refers to lcd.o(i.LCD_ShowxNum) for LCD_ShowxNum
    main.o(i.main) refers to fflt_clz.o(x$fpl$ffltu) for __aeabi_ui2f
    main.o(i.main) refers to f2d.o(x$fpl$f2d) for __aeabi_f2d
    main.o(i.main) refers to dmul.o(x$fpl$dmul) for __aeabi_dmul
    main.o(i.main) refers to d2f.o(x$fpl$d2f) for __aeabi_d2f
    main.o(i.main) refers to ffixu.o(x$fpl$ffixu) for __aeabi_f2uiz
    main.o(i.main) refers to faddsub_clz.o(x$fpl$frsb) for __aeabi_frsub
    main.o(i.main) refers to fmul.o(x$fpl$fmul) for __aeabi_fmul
    main.o(i.main) refers to adc.o(i.Get_Adc_Average) for Get_Adc_Average
    main.o(i.main) refers to delay.o(i.delay_ms) for delay_ms
    main.o(i.main) refers to usmart_config.o(.data) for usmart_dev
    main.o(i.main) refers to lcd.o(.data) for POINT_COLOR
    system_stm32f10x.o(i.SetSysClock) refers to system_stm32f10x.o(i.SetSysClockTo72) for SetSysClockTo72
    system_stm32f10x.o(i.SystemCoreClockUpdate) refers to system_stm32f10x.o(.data) for SystemCoreClock
    system_stm32f10x.o(i.SystemInit) refers to system_stm32f10x.o(i.SetSysClock) for SetSysClock
    delay.o(i.delay_init) refers to misc.o(i.SysTick_CLKSourceConfig) for SysTick_CLKSourceConfig
    delay.o(i.delay_init) refers to system_stm32f10x.o(.data) for SystemCoreClock
    delay.o(i.delay_init) refers to delay.o(.data) for fac_us
    delay.o(i.delay_ms) refers to delay.o(.data) for fac_ms
    delay.o(i.delay_us) refers to delay.o(.data) for fac_us
    usart.o(i.USART1_IRQHandler) refers (Special) to use_no_semi_2.o(.text) for __use_no_semihosting
    usart.o(i.USART1_IRQHandler) refers to stm32f10x_usart.o(i.USART_GetITStatus) for USART_GetITStatus
    usart.o(i.USART1_IRQHandler) refers to stm32f10x_usart.o(i.USART_ReceiveData) for USART_ReceiveData
    usart.o(i.USART1_IRQHandler) refers to usart.o(.data) for USART_RX_STA
    usart.o(i.USART1_IRQHandler) refers to usart.o(.bss) for USART_RX_BUF
    usart.o(i._sys_exit) refers (Special) to use_no_semi_2.o(.text) for __use_no_semihosting
    usart.o(i.fputc) refers (Special) to use_no_semi_2.o(.text) for __use_no_semihosting
    usart.o(i.uart_init) refers (Special) to use_no_semi_2.o(.text) for __use_no_semihosting
    usart.o(i.uart_init) refers to stm32f10x_rcc.o(i.RCC_APB2PeriphClockCmd) for RCC_APB2PeriphClockCmd
    usart.o(i.uart_init) refers to stm32f10x_gpio.o(i.GPIO_Init) for GPIO_Init
    usart.o(i.uart_init) refers to misc.o(i.NVIC_Init) for NVIC_Init
    usart.o(i.uart_init) refers to stm32f10x_usart.o(i.USART_Init) for USART_Init
    usart.o(i.uart_init) refers to stm32f10x_usart.o(i.USART_ITConfig) for USART_ITConfig
    usart.o(i.uart_init) refers to stm32f10x_usart.o(i.USART_Cmd) for USART_Cmd
    usart.o(.bss) refers (Special) to use_no_semi_2.o(.text) for __use_no_semihosting
    usart.o(.data) refers (Special) to use_no_semi_2.o(.text) for __use_no_semihosting
    startup_stm32f10x_hd.o(STACK) refers (Special) to heapauxi.o(.text) for __use_two_region_memory
    startup_stm32f10x_hd.o(HEAP) refers (Special) to heapauxi.o(.text) for __use_two_region_memory
    startup_stm32f10x_hd.o(RESET) refers (Special) to heapauxi.o(.text) for __use_two_region_memory
    startup_stm32f10x_hd.o(RESET) refers to startup_stm32f10x_hd.o(STACK) for __initial_sp
    startup_stm32f10x_hd.o(RESET) refers to startup_stm32f10x_hd.o(.text) for Reset_Handler
    startup_stm32f10x_hd.o(RESET) refers to stm32f10x_it.o(i.NMI_Handler) for NMI_Handler
    startup_stm32f10x_hd.o(RESET) refers to stm32f10x_it.o(i.HardFault_Handler) for HardFault_Handler
    startup_stm32f10x_hd.o(RESET) refers to stm32f10x_it.o(i.MemManage_Handler) for MemManage_Handler
    startup_stm32f10x_hd.o(RESET) refers to stm32f10x_it.o(i.BusFault_Handler) for BusFault_Handler
    startup_stm32f10x_hd.o(RESET) refers to stm32f10x_it.o(i.UsageFault_Handler) for UsageFault_Handler
    startup_stm32f10x_hd.o(RESET) refers to stm32f10x_it.o(i.SVC_Handler) for SVC_Handler
[...]
    ..\HARDWARE\LCD\lcd.c                    0x00000000   Number         0  lcd.o ABSOLUTE
    ..\HARDWARE\LED\led.c                    0x00000000   Number         0  led.o ABSOLUTE
    ..\STM32F10x_FWLib\src\misc.c            0x00000000   Number         0  misc.o ABSOLUTE
    ..\STM32F10x_FWLib\src\stm32f10x_adc.c   0x00000000   Number         0  stm32f10x_adc.o ABSOLUTE
    ..\STM32F10x_FWLib\src\stm32f10x_bkp.c   0x00000000   Number         0  stm32f10x_bkp.o ABSOLUTE
    ..\STM32F10x_FWLib\src\stm32f10x_can.c   0x00000000   Number         0  stm32f10x_can.o ABSOLUTE
    ..\STM32F10x_FWLib\src\stm32f10x_cec.c   0x00000000   Number         0  stm32f10x_cec.o ABSOLUTE
    ..\STM32F10x_FWLib\src\stm32f10x_crc.c   0x00000000   Number         0  stm32f10x_crc.o ABSOLUTE
    ..\STM32F10x_FWLib\src\stm32f10x_dac.c   0x00000000   Number         0  stm32f10x_dac.o ABSOLUTE
    ..\STM32F10x_FWLib\src\stm32f10x_dbgmcu.c 0x00000000   Number         0  stm32f10x_dbgmcu.o ABSOLUTE
    ..\STM32F10x_FWLib\src\stm32f10x_dma.c   0x00000000   Number         0  stm32f10x_dma.o ABSOLUTE
    ..\STM32F10x_FWLib\src\stm32f10x_exti.c  0x00000000   Number         0  stm32f10x_exti.o ABSOLUTE
    ..\STM32F10x_FWLib\src\stm32f10x_flash.c 0x00000000   Number         0  stm32f10x_flash.o ABSOLUTE
    ..\STM32F10x_FWLib\src\stm32f10x_fsmc.c  0x00000000   Number         0  stm32f10x_fsmc.o ABSOLUTE
    ..\STM32F10x_FWLib\src\stm32f10x_gpio.c  0x00000000   Number         0  stm32f10x_gpio.o ABSOLUTE
    ..\STM32F10x_FWLib\src\stm32f10x_i2c.c   0x00000000   Number         0  stm32f10x_i2c.o ABSOLUTE
    ..\STM32F10x_FWLib\src\stm32f10x_iwdg.c  0x00000000   Number         0  stm32f10x_iwdg.o ABSOLUTE
    ..\STM32F10x_FWLib\src\stm32f10x_pwr.c   0x00000000   Number         0  stm32f10x_pwr.o ABSOLUTE
    ..\STM32F10x_FWLib\src\stm32f10x_rcc.c   0x00000000   Number         0  stm32f10x_rcc.o ABSOLUTE
    ..\STM32F10x_FWLib\src\stm32f10x_rtc.c   0x00000000   Number         0  stm32f10x_rtc.o ABSOLUTE
    ..\STM32F10x_FWLib\src\stm32f10x_sdio.c  0x00000000   Number         0  stm32f10x_sdio.o ABSOLUTE
    ..\STM32F10x_FWLib\src\stm32f10x_spi.c   0x00000000   Number         0  stm32f10x_spi.o ABSOLUTE
    ..\STM32F10x_FWLib\src\stm32f10x_tim.c   0x00000000   Number         0  stm32f10x_tim.o ABSOLUTE
    ..\STM32F10x_FWLib\src\stm32f10x_usart.c 0x00000000   Number         0  stm32f10x_usart.o ABSOLUTE
    ..\STM32F10x_FWLib\src\stm32f10x_wwdg.c  0x00000000   Number         0  stm32f10x_wwdg.o ABSOLUTE
    ..\SYSTEM\delay\delay.c                  0x00000000   Number         0  delay.o ABSOLUTE
    ..\SYSTEM\sys\sys.c                      0x00000000   Number         0  sys.o ABSOLUTE
    ..\SYSTEM\usart\usart.c                  0x00000000   Number         0  usart.o ABSOLUTE
    ..\USMART\usmart.c                       0x00000000   Number         0  usmart.o ABSOLUTE
    ..\USMART\usmart_config.c                0x00000000   Number         0  usmart_config.o ABSOLUTE
    ..\USMART\usmart_str.c                   0x00000000   Number         0  usmart_str.o ABSOLUTE
    ..\\CORE\\core_cm3.c                     0x00000000   Number         0  core_cm3.o ABSOLUTE
    ..\\SYSTEM\\sys\\sys.c                   0x00000000   Number         0  sys.o ABSOLUTE
    dc.s                                     0x00000000   Number         0  dc.o ABSOLUTE
    main.c                                   0x00000000   Number         0  main.o ABSOLUTE
    stm32f10x_it.c                           0x00000000   Number         0  stm32f10x_it.o ABSOLUTE
    system_stm32f10x.c                       0x00000000   Number         0  system_stm32f10x.o ABSOLUTE
    RESET                                    0x08000000   Section      304  startup_stm32f10x_hd.o(RESET)
    !!!main                                  0x08000130   Section        8  __main.o(!!!main)
    !!!scatter                               0x08000138   Section       52  __scatter.o(!!!scatter)
    !!dczerorl2                              0x0800016c   Section       90  __dczerorl2.o(!!dczerorl2)
    !!handler_zi                             0x080001c8   Section       28  __scatter_zi.o(!!handler_zi)
    .ARM.Collect$$_printf_percent$$00000000  0x080001e4   Section        0  _printf_percent.o(.ARM.Collect$$_printf_percent$$00000000)
    .ARM.Collect$$_printf_percent$$00000009  0x080001e4   Section        6  _printf_d.o(.ARM.Collect$$_printf_percent$$00000009)
    .ARM.Collect$$_printf_percent$$0000000A  0x080001ea   Section        6  _printf_u.o(.ARM.Collect$$_printf_percent$$0000000A)
    .ARM.Collect$$_printf_percent$$0000000C  0x080001f0   Section        6  _printf_x.o(.ARM.Collect$$_printf_percent$$0000000C)
    .ARM.Collect$$_printf_percent$$00000013  0x080001f6   Section        6  _printf_c.o(.ARM.Collect$$_printf_percent$$00000013)
    .ARM.Collect$$_printf_percent$$00000014  0x080001fc   Section        6  _printf_s.o(.ARM.Collect$$_printf_percent$$00000014)
    .ARM.Collect$$_printf_percent$$00000017  0x08000202   Section        4  _printf_percent_end.o(.ARM.Collect$$_printf_percent$$00000017)
    .ARM.Collect$$libinit$$00000000          0x08000206   Section        2  libinit.o(.ARM.Collect$$libinit$$00000000)
    .ARM.Collect$$libinit$$00000002          0x08000208   Section        0  libinit2.o(.ARM.Collect$$libinit$$00000002)
    .ARM.Collect$$libinit$$00000004          0x08000208   Section        0  libinit2.o(.ARM.Collect$$libinit$$00000004)
    .ARM.Collect$$libinit$$0000000A          0x08000208   Section        0  libinit2.o(.ARM.Collect$$libinit$$0000000A)
    .ARM.Collect$$libinit$$0000000C          0x08000208   Section        0  libinit2.o(.ARM.Collect$$libinit$$0000000C)
    .ARM.Collect$$libinit$$0000000E          0x08000208   Section        0  libinit2.o(.ARM.Collect$$libinit$$0000000E)
    .ARM.Collect$$libinit$$00000011          0x08000208   Section        0  libinit2.o(.ARM.Collect$$libinit$$00000011)
    .ARM.Collect$$libinit$$00000013          0x08000208   Section        0  libinit2.o(.ARM.Collect$$libinit$$00000013)
    .ARM.Collect$$libinit$$00000015          0x08000208   Section        0  libinit2.o(.ARM.Collect$$libinit$$00000015)
    .ARM.Collect$$libinit$$00000017          0x08000208   Section        0  libinit2.o(.ARM.Collect$$libinit$$00000017)
    .ARM.Collect$$libinit$$00000019          0x08000208   Section        0  libinit2.o(.ARM.Collect$$libinit$$00000019)
    .ARM.Collect$$libinit$$0000001B          0x08000208   Section        0  libinit2.o(.ARM.Collect$$libinit$$0000001B)
    .ARM.Collect$$libinit$$0000001D          0x08000208   Section        0  libinit2.o(.ARM.Collect$$libinit$$0000001D)
    .ARM.Collect$$libinit$$0000001F          0x08000208   Section        0  libinit2.o(.ARM.Collect$$libinit$$0000001F)
    .ARM.Collect$$libinit$$00000021          0x08000208   Section        0  libinit2.o(.ARM.Collect$$libinit$$00000021)
    .ARM.Collect$$libinit$$00000023          0x08000208   Section        0  libinit2.o(.ARM.Collect$$libinit$$00000023)
    .ARM.Collect$$libinit$$00000025          0x08000208   Section        0  libinit2.o(.ARM.Collect$$libinit$$00000025)
    .ARM.Collect$$libinit$$0000002C          0x08000208   Section        0  libinit2.o(.ARM.Collect$$libinit$$0000002C)
    .ARM.Collect$$libinit$$0000002E          0x08000208   Section        0  libinit2.o(.ARM.Collect$$libinit$$0000002E)
    .ARM.Collect$$libinit$$00000030          0x08000208   Section        0  libinit2.o(.ARM.Collect$$libinit$$00000030)
    .ARM.Collect$$libinit$$00000032          0x08000208   Section        0  libinit2.o(.ARM.Collect$$libinit$$00000032)
    .ARM.Collect$$libinit$$00000033          0x08000208   Section        2  libinit2.o(.ARM.Collect$$libinit$$00000033)
    .ARM.Collect$$libshutdown$$00000000      0x0800020a   Section        2  libshutdown.o(.ARM.Collect$$libshutdown$$00000000)
    .ARM.Collect$$libshutdown$$00000003      0x0800020c   Section        0  libshutdown2.o(.ARM.Collect$$libshutdown$$00000003)
    .ARM.Collect$$libshutdown$$00000006      0x0800020c   Section        0  libshutdown2.o(.ARM.Collect$$libshutdown$$00000006)
    .ARM.Collect$$libshutdown$$00000009      0x0800020c   Section        0  libshutdown2.o(.ARM.Collect$$libshutdown$$00000009)
    .ARM.Collect$$libshutdown$$0000000B      0x0800020c   Section        0  libshutdown2.o(.ARM.Collect$$libshutdown$$0000000B)
    .ARM.Collect$$libshutdown$$0000000E      0x0800020c   Section        0  libshutdown2.o(.ARM.Collect$$libshutdown$$0000000E)
    .ARM.Collect$$libshutdown$$0000000F      0x0800020c   Section        2  libshutdown2.o(.ARM.Collect$$libshutdown$$0000000F)
    .ARM.Collect$$rtentry$$00000000          0x0800020e   Section        0  __rtentry.o(.ARM.Collect$$rtentry$$00000000)
    .ARM.Collect$$rtentry$$00000002          0x0800020e   Section        0  __rtentry2.o(.ARM.Collect$$rtentry$$00000002)
    .ARM.Collect$$rtentry$$00000004          0x0800020e   Section        6  __rtentry4.o(.ARM.Collect$$rtentry$$00000004)
    .ARM.Collect$$rtentry$$00000009          0x08000214   Section        0  __rtentry2.o(.ARM.Collect$$rtentry$$00000009)
    .ARM.Collect$$rtentry$$0000000A          0x08000214   Section        4  __rtentry2.o(.ARM.Collect$$rtentry$$0000000A)
    .ARM.Collect$$rtentry$$0000000C          0x08000218   Section        0  __rtentry2.o(.ARM.Collect$$rtentry$$0000000C)
    .ARM.Collect$$rtentry$$0000000D          0x08000218   Section        8  __rtentry2.o(.ARM.Collect$$rtentry$$0000000D)
    .ARM.Collect$$rtexit$$00000000           0x08000220   Section        2  rtexit.o(.ARM.Collect$$rtexit$$00000000)
    .ARM.Collect$$rtexit$$00000002           0x08000222   Section        0  rtexit2.o(.ARM.Collect$$rtexit$$00000002)
    .ARM.Collect$$rtexit$$00000003           0x08000222   Section        4  rtexit2.o(.ARM.Collect$$rtexit$$00000003)
    .ARM.Collect$$rtexit$$00000004           0x08000226   Section        6  rtexit2.o(.ARM.Collect$$rtexit$$00000004)
    .text                                    0x0800022c   Section       64  startup_stm32f10x_hd.o(.text)
    .text                                    0x0800026c   Section        2  use_no_semi_2.o(.text)
    .text                                    0x08000270   Section        0  noretval__2printf.o(.text)
    .text                                    0x08000288   Section        0  _printf_pad.o(.text)
    .text                                    0x080002d6   Section        0  _printf_str.o(.text)
    .text                                    0x08000328   Section        0  _printf_dec.o(.text)
    .text                                    0x080003a0   Section        0  _printf_hex_int.o(.text)
    .text                                    0x080003f8   Section        0  __printf_flags_ss_wp.o(.text)
    .text                                    0x08000580   Section        0  heapauxi.o(.text)
    .text                                    0x08000586   Section        2  use_no_semi.o(.text)
    .text                                    0x08000588   Section        0  _printf_intcommon.o(.text)
    .text                                    0x0800063a   Section        0  _printf_char.o(.text)
    .text                                    0x08000668   Section        0  _printf_char_file.o(.text)
    .text                                    0x0800068c   Section        0  _printf_char_common.o(.text)
    _printf_input_char                       0x0800068d   Thumb Code    10  _printf_char_common.o(.text)
    .text                                    0x080006bc   Section        0  ferror.o(.text)
    .text                                    0x080006c4   Section       74  sys_stackheap_outer.o(.text)
    .text                                    0x0800070e   Section        0  exit.o(.text)
    .text                                    0x0800071c   Section        8  libspace.o(.text)
    i.ADC_Cmd                                0x08000724   Section        0  stm32f10x_adc.o(i.ADC_Cmd)
    i.ADC_DeInit                             0x0800073c   Section        0  stm32f10x_adc.o(i.ADC_DeInit)
    i.ADC_GetCalibrationStatus               0x08000798   Section        0  stm32f10x_adc.o(i.ADC_GetCalibrationStatus)
    i.ADC_GetConversionValue                 0x080007ac   Section        0  stm32f10x_adc.o(i.ADC_GetConversionValue)
    i.ADC_GetFlagStatus                      0x080007b4   Section        0  stm32f10x_adc.o(i.ADC_GetFlagStatus)
    i.ADC_GetResetCalibrationStatus          0x080007c6   Section        0  stm32f10x_adc.o(i.ADC_GetResetCalibrationStatus)
    i.ADC_Init                               0x080007dc   Section        0  stm32f10x_adc.o(i.ADC_Init)
    i.ADC_RegularChannelConfig               0x0800082c   Section        0  stm32f10x_adc.o(i.ADC_RegularChannelConfig)
    i.ADC_ResetCalibration                   0x080008e4   Section        0  stm32f10x_adc.o(i.ADC_ResetCalibration)
    i.ADC_SoftwareStartConvCmd               0x080008ee   Section        0  stm32f10x_adc.o(i.ADC_SoftwareStartConvCmd)
    i.ADC_StartCalibration                   0x08000904   Section        0  stm32f10x_adc.o(i.ADC_StartCalibration)
    i.Adc_Init                               0x08000910   Section        0  adc.o(i.Adc_Init)
    i.BusFault_Handler                       0x080009b8   Section        0  stm32f10x_it.o(i.BusFault_Handler)
    i.DAC_Cmd                                0x080009bc   Section        0  stm32f10x_dac.o(i.DAC_Cmd)
    i.DAC_GetDataOutputValue                 0x080009e4   Section        0  stm32f10x_dac.o(i.DAC_GetDataOutputValue)
    i.DAC_Init                               0x08000a08   Section        0  stm32f10x_dac.o(i.DAC_Init)
    i.DAC_SetChannel1Data                    0x08000a3c   Section        0  stm32f10x_dac.o(i.DAC_SetChannel1Data)
    i.Dac1_Init                              0x08000a5c   Section        0  dac.o(i.Dac1_Init)
    i.Dac1_Set_Vol                           0x08000ab8   Section        0  dac.o(i.Dac1_Set_Vol)
    i.DebugMon_Handler                       0x08000b04   Section        0  stm32f10x_it.o(i.DebugMon_Handler)
    i.FSMC_NORSRAMCmd                        0x08000b08   Section        0  stm32f10x_fsmc.o(i.FSMC_NORSRAMCmd)
    i.FSMC_NORSRAMInit                       0x08000b3c   Section        0  stm32f10x_fsmc.o(i.FSMC_NORSRAMInit)
    i.GPIO_Init                              0x08000c22   Section        0  stm32f10x_gpio.o(i.GPIO_Init)
    i.GPIO_ReadInputDataBit                  0x08000d38   Section        0  stm32f10x_gpio.o(i.GPIO_ReadInputDataBit)
    i.GPIO_SetBits                           0x08000d4a   Section        0  stm32f10x_gpio.o(i.GPIO_SetBits)
    i.Get_Adc                                0x08000d50   Section        0  adc.o(i.Get_Adc)
    i.Get_Adc_Average                        0x08000d84   Section        0  adc.o(i.Get_Adc_Average)
    i.HardFault_Handler                      0x08000db2   Section        0  stm32f10x_it.o(i.HardFault_Handler)
    i.KEY_Init                               0x08000db8   Section        0  key.o(i.KEY_Init)
    i.KEY_Scan                               0x08000df4   Section        0  key.o(i.KEY_Scan)
    i.LCD_Clear                              0x08000ebc   Section        0  lcd.o(i.LCD_Clear)
    i.LCD_Display_Dir                        0x08000f28   Section        0  lcd.o(i.LCD_Display_Dir)
    i.LCD_Fast_DrawPoint                     0x080010e8   Section        0  lcd.o(i.LCD_Fast_DrawPoint)
    i.LCD_Init                               0x08001264   Section        0  lcd.o(i.LCD_Init)
    i.LCD_Pow                                0x080049d8   Section        0  lcd.o(i.LCD_Pow)
    i.LCD_RD_DATA                            0x080049f0   Section        0  lcd.o(i.LCD_RD_DATA)
    i.LCD_ReadReg                            0x08004a04   Section        0  lcd.o(i.LCD_ReadReg)
    i.LCD_SSD_BackLightSet                   0x08004a1c   Section        0  lcd.o(i.LCD_SSD_BackLightSet)
    i.LCD_Scan_Dir                           0x08004a70   Section        0  lcd.o(i.LCD_Scan_Dir)
    i.LCD_SetCursor                          0x08004d5c   Section        0  lcd.o(i.LCD_SetCursor)
    i.LCD_ShowChar                           0x08004f04   Section        0  lcd.o(i.LCD_ShowChar)
    i.LCD_ShowString                         0x0800502c   Section        0  lcd.o(i.LCD_ShowString)
    i.LCD_ShowxNum                           0x08005092   Section        0  lcd.o(i.LCD_ShowxNum)
    i.LCD_WR_DATA                            0x08005150   Section        0  lcd.o(i.LCD_WR_DATA)
    i.LCD_WR_REG                             0x0800515c   Section        0  lcd.o(i.LCD_WR_REG)
    i.LCD_WriteRAM_Prepare                   0x08005168   Section        0  lcd.o(i.LCD_WriteRAM_Prepare)
    i.LCD_WriteReg                           0x0800517c   Section        0  lcd.o(i.LCD_WriteReg)
    i.LED_Init                               0x0800518c   Section        0  led.o(i.LED_Init)
    i.MemManage_Handler                      0x080051d4   Section        0  stm32f10x_it.o(i.MemManage_Handler)
    i.NMI_Handler                            0x080051d8   Section        0  stm32f10x_it.o(i.NMI_Handler)
    i.NVIC_Init                              0x080051dc   Section        0  misc.o(i.NVIC_Init)
    i.NVIC_PriorityGroupConfig               0x0800524c   Section        0  misc.o(i.NVIC_PriorityGroupConfig)
    i.PendSV_Handler                         0x08005260   Section        0  stm32f10x_it.o(i.PendSV_Handler)
    i.RCC_ADCCLKConfig                       0x08005264   Section        0  stm32f10x_rcc.o(i.RCC_ADCCLKConfig)
    i.RCC_AHBPeriphClockCmd                  0x0800527c   Section        0  stm32f10x_rcc.o(i.RCC_AHBPeriphClockCmd)
    i.RCC_APB1PeriphClockCmd                 0x0800529c   Section        0  stm32f10x_rcc.o(i.RCC_APB1PeriphClockCmd)
    i.RCC_APB2PeriphClockCmd                 0x080052bc   Section        0  stm32f10x_rcc.o(i.RCC_APB2PeriphClockCmd)
    i.RCC_APB2PeriphResetCmd                 0x080052dc   Section        0  stm32f10x_rcc.o(i.RCC_APB2PeriphResetCmd)
    i.RCC_GetClocksFreq                      0x080052fc   Section        0  stm32f10x_rcc.o(i.RCC_GetClocksFreq)
    i.SVC_Handler                            0x080053d0   Section        0  stm32f10x_it.o(i.SVC_Handler)
    i.SetSysClock                            0x080053d2   Section        0  system_stm32f10x.o(i.SetSysClock)
    SetSysClock                              0x080053d3   Thumb Code     8  system_stm32f10x.o(i.SetSysClock)
    i.SetSysClockTo72                        0x080053dc   Section        0  system_stm32f10x.o(i.SetSysClockTo72)
    SetSysClockTo72                          0x080053dd   Thumb Code   214  system_stm32f10x.o(i.SetSysClockTo72)
    i.SysTick_CLKSourceConfig                0x080054bc   Section        0  misc.o(i.SysTick_CLKSourceConfig)
    i.SysTick_Handler                        0x080054e4   Section        0  stm32f10x_it.o(i.SysTick_Handler)
    i.SystemInit                             0x080054e8   Section        0  system_stm32f10x.o(i.SystemInit)
    i.TIM4_IRQHandler                        0x08005548   Section        0  usmart.o(i.TIM4_IRQHandler)
    i.TIM_ClearFlag                          0x08005580   Section        0  stm32f10x_tim.o(i.TIM_ClearFlag)
    i.TIM_ClearITPendingBit                  0x08005586   Section        0  stm32f10x_tim.o(i.TIM_ClearITPendingBit)
    i.TIM_Cmd                                0x0800558c   Section        0  stm32f10x_tim.o(i.TIM_Cmd)
    i.TIM_GetCounter                         0x080055a4   Section        0  stm32f10x_tim.o(i.TIM_GetCounter)
    i.TIM_GetFlagStatus                      0x080055aa   Section        0  stm32f10x_tim.o(i.TIM_GetFlagStatus)
    i.TIM_GetITStatus                        0x080055bc   Section        0  stm32f10x_tim.o(i.TIM_GetITStatus)
    i.TIM_ITConfig                           0x080055de   Section        0  stm32f10x_tim.o(i.TIM_ITConfig)
    i.TIM_SetAutoreload                      0x080055f0   Section        0  stm32f10x_tim.o(i.TIM_SetAutoreload)
    i.TIM_SetCounter                         0x080055f4   Section        0  stm32f10x_tim.o(i.TIM_SetCounter)
    i.TIM_TimeBaseInit                       0x080055f8   Section        0  stm32f10x_tim.o(i.TIM_TimeBaseInit)
    i.Timer4_Init                            0x0800569c   Section        0  usmart.o(i.Timer4_Init)
    i.USART1_IRQHandler                      0x080056f8   Section        0  usart.o(i.USART1_IRQHandler)
    i.USART_Cmd                              0x08005780   Section        0  stm32f10x_usart.o(i.USART_Cmd)
    i.USART_GetITStatus                      0x08005798   Section        0  stm32f10x_usart.o(i.USART_GetITStatus)
    i.USART_ITConfig                         0x080057ec   Section        0  stm32f10x_usart.o(i.USART_ITConfig)
    i.USART_Init                             0x08005838   Section        0  stm32f10x_usart.o(i.USART_Init)
    i.USART_ReceiveData                      0x08005910   Section        0  stm32f10x_usart.o(i.USART_ReceiveData)
    i.UsageFault_Handler                     0x0800591a   Section        0  stm32f10x_it.o(i.UsageFault_Handler)
    i._is_digit                              0x0800591e   Section        0  __printf_wp.o(i._is_digit)
    i._sys_exit                              0x0800592c   Section        0  usart.o(i._sys_exit)
    i.delay_init                             0x08005930   Section        0  delay.o(i.delay_init)
    i.delay_ms                               0x08005974   Section        0  delay.o(i.delay_ms)
    i.delay_us                               0x080059c0   Section        0  delay.o(i.delay_us)
    i.fputc                                  0x08005a0c   Section        0  usart.o(i.fputc)
    i.main                                   0x08005a28   Section        0  main.o(i.main)
    i.read_addr                              0x08005ce8   Section        0  usmart.o(i.read_addr)
    i.uart_init                              0x08005cf0   Section        0  usart.o(i.uart_init)
    i.usmart_cmd_rec                         0x08005d90   Section        0  usmart.o(i.usmart_cmd_rec)
    i.usmart_exe                             0x08005e40   Section        0  usmart.o(i.usmart_exe)
    i.usmart_get_aparm                       0x08006114   Section        0  usmart_str.o(i.usmart_get_aparm)
    i.usmart_get_cmdname                     0x080061dc   Section        0  usmart_str.o(i.usmart_get_cmdname)
    i.usmart_get_fname                       0x08006214   Section        0  usmart_str.o(i.usmart_get_fname)
    i.usmart_get_fparam                      0x080063d4   Section        0  usmart_str.o(i.usmart_get_fparam)
    i.usmart_get_parmpos                     0x080064e0   Section        0  usmart_str.o(i.usmart_get_parmpos)
    i.usmart_get_runtime                     0x08006500   Section        0  usmart.o(i.usmart_get_runtime)
    i.usmart_init                            0x08006544   Section        0  usmart.o(i.usmart_init)
    i.usmart_pow                             0x0800656c   Section        0  usmart_str.o(i.usmart_pow)
    i.usmart_reset_runtime                   0x08006584   Section        0  usmart.o(i.usmart_reset_runtime)
    i.usmart_scan                            0x080065b4   Section        0  usmart.o(i.usmart_scan)
    i.usmart_search_nextc                    0x08006670   Section        0  usmart_str.o(i.usmart_search_nextc)
    i.usmart_str2num                         0x08006686   Section        0  usmart_str.o(i.usmart_str2num)
    i.usmart_strcmp                          0x08006750   Section        0  usmart_str.o(i.usmart_strcmp)
    i.usmart_strcopy                         0x08006772   Section        0  usmart_str.o(i.usmart_strcopy)
    i.usmart_strlen                          0x08006788   Section        0  usmart_str.o(i.usmart_strlen)
    i.usmart_sys_cmd_exe                     0x080067a0   Section        0  usmart.o(i.usmart_sys_cmd_exe)
    i.write_addr                             0x08006e84   Section        0  usmart.o(i.write_addr)
    x$fpl$d2f                                0x08006e88   Section       98  d2f.o(x$fpl$d2f)
    x$fpl$ddiv                               0x08006eec   Section      688  ddiv.o(x$fpl$ddiv)
    ddiv_entry                               0x08006ef3   Thumb Code     0  ddiv.o(x$fpl$ddiv)
    x$fpl$dfixu                              0x0800719c   Section       90  dfixu.o(x$fpl$dfixu)
    x$fpl$dfltu                              0x080071f6   Section       38  dflt_clz.o(x$fpl$dfltu)
    x$fpl$dmul                               0x0800721c   Section      340  dmul.o(x$fpl$dmul)
    x$fpl$dnaninf                            0x08007370   Section      156  dnaninf.o(x$fpl$dnaninf)
    x$fpl$dretinf                            0x0800740c   Section       12  dretinf.o(x$fpl$dretinf)
    x$fpl$f2d                                0x08007418   Section       86  f2d.o(x$fpl$f2d)
    x$fpl$fadd                               0x08007470   Section      196  faddsub_clz.o(x$fpl$fadd)
    _fadd1                                   0x0800747f   Thumb Code     0  faddsub_clz.o(x$fpl$fadd)
    x$fpl$ffixu                              0x08007534   Section       62  ffixu.o(x$fpl$ffixu)
    x$fpl$ffltu                              0x08007574   Section       38  fflt_clz.o(x$fpl$ffltu)
    x$fpl$fmul                               0x0800759c   Section      258  fmul.o(x$fpl$fmul)
    x$fpl$fnaninf                            0x0800769e   Section      140  fnaninf.o(x$fpl$fnaninf)
    x$fpl$fretinf                            0x0800772a   Section       10  fretinf.o(x$fpl$fretinf)
    x$fpl$frsb                               0x08007734   Section       20  faddsub_clz.o(x$fpl$frsb)
    x$fpl$fsub                               0x08007748   Section      234  faddsub_clz.o(x$fpl$fsub)
    _fsub1                                   0x08007757   Thumb Code     0  faddsub_clz.o(x$fpl$fsub)
    .constdata                               0x08007832   Section     6080  lcd.o(.constdata)
    x$fpl$usenofp                            0x08007832   Section        0  usenofp.o(x$fpl$usenofp)
    .constdata                               0x08008ff2   Section       40  _printf_hex_int.o(.constdata)
    uc_hextab                                0x08008ff2   Data          20  _printf_hex_int.o(.constdata)
    lc_hextab                                0x08009006   Data          20  _printf_hex_int.o(.constdata)
    .constdata                               0x0800901a   Section       17  __printf_flags_ss_wp.o(.constdata)
    maptable                                 0x0800901a   Data          17  __printf_flags_ss_wp.o(.constdata)
    .conststring                             0x0800902c   Section       40  usmart.o(.conststring)
    .conststring                             0x08009054   Section      135  usmart_config.o(.conststring)
    .data                                    0x20000000   Section       20  system_stm32f10x.o(.data)
    .data                                    0x20000014   Section        4  delay.o(.data)
    fac_us                                   0x20000014   Data           1  delay.o(.data)
    fac_ms                                   0x20000016   Data           2  delay.o(.data)
    .data                                    0x20000018   Section        6  usart.o(.data)
    .data                                    0x2000001e   Section       20  stm32f10x_rcc.o(.data)
    APBAHBPrescTable                         0x2000001e   Data          16  stm32f10x_rcc.o(.data)
    ADCPrescTable                            0x2000002e   Data           4  stm32f10x_rcc.o(.data)
    .data                                    0x20000032   Section        4  lcd.o(.data)
    .data                                    0x20000036   Section        1  key.o(.data)
    key_up                                   0x20000036   Data           1  key.o(.data)
    .data                                    0x20000038   Section       28  usmart.o(.data)
    .data                                    0x20000054   Section      284  usmart_config.o(.data)
    .bss                                     0x20000170   Section      200  usart.o(.bss)
    .bss                                     0x20000238   Section       14  lcd.o(.bss)
    .bss                                     0x20000248   Section       96  libspace.o(.bss)
    HEAP                                     0x200002a8   Section      512  startup_stm32f10x_hd.o(HEAP)
    Heap_Mem                                 0x200002a8   Data         512  startup_stm32f10x_hd.o(HEAP)
    STACK                                    0x200004a8   Section     1024  startup_stm32f10x_hd.o(STACK)
    Stack_Mem                                0x200004a8   Data        1024  startup_stm32f10x_hd.o(STACK)
    __initial_sp                             0x200008a8   Data           0  startup_stm32f10x_hd.o(STACK)

    Global Symbols

    Symbol Name                              Value     Ov Type        Size  Object(Section)

    BuildAttributes$$THM_ISAv4$P$D$K$B$S$PE$A:L22UL41UL21$X:L11$S22US41US21$IEEE1$IW$USESV6$~STKCKD$USESV7$~SHL$OSPACE$ROPI$EBA8$UX$STANDARDLIB$REQ8$PRES8$EABIv2 0x00000000   Number         0  anon$$obj.o ABSOLUTE
    __ARM_use_no_argv                        0x00000000   Number         0  main.o ABSOLUTE
    _printf_flags                            0x00000000   Number         0  printf_stubs.o ABSOLUTE
    _printf_return_value                     0x00000000   Number         0  printf_stubs.o ABSOLUTE
    _printf_sizespec                         0x00000000   Number         0  printf_stubs.o ABSOLUTE
    _printf_widthprec                        0x00000000   Number         0  printf_stubs.o ABSOLUTE
    __ARM_exceptions_init                     - Undefined Weak Reference
    __alloca_initialize                       - Undefined Weak Reference
    __arm_preinit_                            - Undefined Weak Reference
    __cpp_initialize__aeabi_                  - Undefined Weak Reference
    __cxa_finalize                            - Undefined Weak Reference
    __rt_locale                               - Undefined Weak Reference
    __sigvec_lookup                           - Undefined Weak Reference
    _atexit_init                              - Undefined Weak Reference
    _call_atexit_fns                          - Undefined Weak Reference
    _clock_init                               - Undefined Weak Reference
    _fp_trap_init                             - Undefined Weak Reference
    _fp_trap_shutdown                         - Undefined Weak Reference
    _get_lc_collate                           - Undefined Weak Reference
    _get_lc_ctype                             - Undefined Weak Reference
    _get_lc_monetary                          - Undefined Weak Reference
    _get_lc_numeric                           - Undefined Weak Reference
    _get_lc_time                              - Undefined Weak Reference
    _getenv_init                              - Undefined Weak Reference
    _handle_redirection                       - Undefined Weak Reference
    _init_alloc                               - Undefined Weak Reference
    _init_user_alloc                          - Undefined Weak Reference
    _initio                                   - Undefined Weak Reference
    _mutex_acquire                            - Undefined Weak Reference
    _mutex_release                            - Undefined Weak Reference
    _printf_mbtowc                            - Undefined Weak Reference
    _printf_truncate_signed                   - Undefined Weak Reference
    _printf_truncate_unsigned                 - Undefined Weak Reference
    _rand_init                                - Undefined Weak Reference
    _signal_finish                            - Undefined Weak Reference
    _signal_init                              - Undefined Weak Reference
    _terminate_alloc                          - Undefined Weak Reference
    _terminate_user_alloc                     - Undefined Weak Reference
    _terminateio                              - Undefined Weak Reference
    __Vectors_Size                           0x00000130   Number         0  startup_stm32f10x_hd.o ABSOLUTE
    __Vectors                                0x08000000   Data           4  startup_stm32f10x_hd.o(RESET)
    __Vectors_End                            0x08000130   Data           0  startup_stm32f10x_hd.o(RESET)
    __main                                   0x08000131   Thumb Code     8  __main.o(!!!main)
    __scatterload                            0x08000139   Thumb Code     0  __scatter.o(!!!scatter)
    __scatterload_rt2                        0x08000139   Thumb Code    44  __scatter.o(!!!scatter)
    __scatterload_rt2_thumb_only             0x08000139   Thumb Code     0  __scatter.o(!!!scatter)
    __scatterload_null                       0x08000147   Thumb Code     0  __scatter.o(!!!scatter)
    __decompress                             0x0800016d   Thumb Code    90  __dczerorl2.o(!!dczerorl2)
    __decompress1                            0x0800016d   Thumb Code     0  __dczerorl2.o(!!dczerorl2)
    __scatterload_zeroinit                   0x080001c9   Thumb Code    28  __scatter_zi.o(!!handler_zi)
    _printf_d                                0x080001e5   Thumb Code     0  _printf_d.o(.ARM.Collect$$_printf_percent$$00000009)
    _printf_percent                          0x080001e5   Thumb Code     0  _printf_percent.o(.ARM.Collect$$_printf_percent$$00000000)
    _printf_u                                0x080001eb   Thumb Code     0  _printf_u.o(.ARM.Collect$$_printf_percent$$0000000A)
    _printf_x                                0x080001f1   Thumb Code     0  _printf_x.o(.ARM.Collect$$_printf_percent$$0000000C)
    _printf_c                                0x080001f7   Thumb Code     0  _printf_c.o(.ARM.Collect$$_printf_percent$$00000013)
    _printf_s                                0x080001fd   Thumb Code     0  _printf_s.o(.ARM.Collect$$_printf_percent$$00000014)
    _printf_percent_end                      0x08000203   Thumb Code     0  _printf_percent_end.o(.ARM.Collect$$_printf_percent$$00000017)
    __rt_lib_init                            0x08000207   Thumb Code     0  libinit.o(.ARM.Collect$$libinit$$00000000)
    __rt_lib_init_alloca_1                   0x08000209   Thumb Code     0  libinit2.o(.ARM.Collect$$libinit$$0000002E)
    __rt_lib_init_argv_1                     0x08000209   Thumb Code     0  libinit2.o(.ARM.Collect$$libinit$$0000002C)
    __rt_lib_init_atexit_1                   0x08000209   Thumb Code     0  libinit2.o(.ARM.Collect$$libinit$$0000001B)
    __rt_lib_init_clock_1                    0x08000209   Thumb Code     0  libinit2.o(.ARM.Collect$$libinit$$00000021)
    __rt_lib_init_cpp_1                      0x08000209   Thumb Code     0  libinit2.o(.ARM.Collect$$libinit$$00000032)
    __rt_lib_init_exceptions_1               0x08000209   Thumb Code     0  libinit2.o(.ARM.Collect$$libinit$$00000030)
    __rt_lib_init_fp_1                       0x08000209   Thumb Code     0  libinit2.o(.ARM.Collect$$libinit$$00000002)
    __rt_lib_init_fp_trap_1                  0x08000209   Thumb Code     0  libinit2.o(.ARM.Collect$$libinit$$0000001F)
    __rt_lib_init_getenv_1                   0x08000209   Thumb Code     0  libinit2.o(.ARM.Collect$$libinit$$00000023)
    __rt_lib_init_heap_1                     0x08000209   Thumb Code     0  libinit2.o(.ARM.Collect$$libinit$$0000000A)
    __rt_lib_init_lc_collate_1               0x08000209   Thumb Code     0  libinit2.o(.ARM.Collect$$libinit$$00000011)
    __rt_lib_init_lc_ctype_1                 0x08000209   Thumb Code     0  libinit2.o(.ARM.Collect$$libinit$$00000013)
    __rt_lib_init_lc_monetary_1              0x08000209   Thumb Code     0  libinit2.o(.ARM.Collect$$libinit$$00000015)
    __rt_lib_init_lc_numeric_1               0x08000209   Thumb Code     0  libinit2.o(.ARM.Collect$$libinit$$00000017)
    __rt_lib_init_lc_time_1                  0x08000209   Thumb Code     0  libinit2.o(.ARM.Collect$$libinit$$00000019)
    __rt_lib_init_preinit_1                  0x08000209   Thumb Code     0  libinit2.o(.ARM.Collect$$libinit$$00000004)
    __rt_lib_init_rand_1                     0x08000209   Thumb Code     0  libinit2.o(.ARM.Collect$$libinit$$0000000E)
    __rt_lib_init_return                     0x08000209   Thumb Code     0  libinit2.o(.ARM.Collect$$libinit$$00000033)
    __rt_lib_init_signal_1                   0x08000209   Thumb Code     0  libinit2.o(.ARM.Collect$$libinit$$0000001D)
    __rt_lib_init_stdio_1                    0x08000209   Thumb Code     0  libinit2.o(.ARM.Collect$$libinit$$00000025)
    __rt_lib_init_user_alloc_1               0x08000209   Thumb Code     0  libinit2.o(.ARM.Collect$$libinit$$0000000C)
    __rt_lib_shutdown                        0x0800020b   Thumb Code     0  libshutdown.o(.ARM.Collect$$libshutdown$$00000000)
    __rt_lib_shutdown_fp_trap_1              0x0800020d   Thumb Code     0  libshutdown2.o(.ARM.Collect$$libshutdown$$00000006)
    __rt_lib_shutdown_heap_1                 0x0800020d   Thumb Code     0  libshutdown2.o(.ARM.Collect$$libshutdown$$0000000E)
    __rt_lib_shutdown_return                 0x0800020d   Thumb Code     0  libshutdown2.o(.ARM.Collect$$libshutdown$$0000000F)
    __rt_lib_shutdown_signal_1               0x0800020d   Thumb Code     0  libshutdown2.o(.ARM.Collect$$libshutdown$$00000009)
    __rt_lib_shutdown_stdio_1                0x0800020d   Thumb Code     0  libshutdown2.o(.ARM.Collect$$libshutdown$$00000003)
    __rt_lib_shutdown_user_alloc_1           0x0800020d   Thumb Code     0  libshutdown2.o(.ARM.Collect$$libshutdown$$0000000B)
    __rt_entry                               0x0800020f   Thumb Code     0  __rtentry.o(.ARM.Collect$$rtentry$$00000000)
    __rt_entry_presh_1                       0x0800020f   Thumb Code     0  __rtentry2.o(.ARM.Collect$$rtentry$$00000002)
    __rt_entry_sh                            0x0800020f   Thumb Code     0  __rtentry4.o(.ARM.Collect$$rtentry$$00000004)
    __rt_entry_li                            0x08000215   Thumb Code     0  __rtentry2.o(.ARM.Collect$$rtentry$$0000000A)
    __rt_entry_postsh_1                      0x08000215   Thumb Code     0  __rtentry2.o(.ARM.Collect$$rtentry$$00000009)
    __rt_entry_main                          0x08000219   Thumb Code     0  __rtentry2.o(.ARM.Collect$$rtentry$$0000000D)
    __rt_entry_postli_1                      0x08000219   Thumb Code     0  __rtentry2.o(.ARM.Collect$$rtentry$$0000000C)
    __rt_exit                                0x08000221   Thumb Code     0  rtexit.o(.ARM.Collect$$rtexit$$00000000)
    __rt_exit_ls                             0x08000223   Thumb Code     0  rtexit2.o(.ARM.Collect$$rtexit$$00000003)
    __rt_exit_prels_1                        0x08000223   Thumb Code     0  rtexit2.o(.ARM.Collect$$rtexit$$00000002)
    __rt_exit_exit                           0x08000227   Thumb Code     0  rtexit2.o(.ARM.Collect$$rtexit$$00000004)
    Reset_Handler                            0x0800022d   Thumb Code     8  startup_stm32f10x_hd.o(.text)
    ADC1_2_IRQHandler                        0x08000247   Thumb Code     0  startup_stm32f10x_hd.o(.text)
    ADC3_IRQHandler                          0x08000247   Thumb Code     0  startup_stm32f10x_hd.o(.text)
    CAN1_RX1_IRQHandler                      0x08000247   Thumb Code     0  startup_stm32f10x_hd.o(.text)
    CAN1_SCE_IRQHandler                      0x08000247   Thumb Code     0  startup_stm32f10x_hd.o(.text)
    DMA1_Channel1_IRQHandler                 0x08000247   Thumb Code     0  startup_stm32f10x_hd.o(.text)
    DMA1_Channel2_IRQHandler                 0x08000247   Thumb Code     0  startup_stm32f10x_hd.o(.text)
    DMA1_Channel3_IRQHandler                 0x08000247   Thumb Code     0  startup_stm32f10x_hd.o(.text)
    DMA1_Channel4_IRQHandler                 0x08000247   Thumb Code     0  startup_stm32f10x_hd.o(.text)
    DMA1_Channel5_IRQHandler                 0x08000247   Thumb Code     0  startup_stm32f10x_hd.o(.text)
    DMA1_Channel6_IRQHandler                 0x08000247   Thumb Code     0  startup_stm32f10x_hd.o(.text)
    DMA1_Channel7_IRQHandler                 0x08000247   Thumb Code     0  startup_stm32f10x_hd.o(.text)
    DMA2_Channel1_IRQHandler                 0x08000247   Thumb Code     0  startup_stm32f10x_hd.o(.text)
    DMA2_Channel2_IRQHandler                 0x08000247   Thumb Code     0  startup_stm32f10x_hd.o(.text)
    DMA2_Channel3_IRQHandler                 0x08000247   Thumb Code     0  startup_stm32f10x_hd.o(.text)
    DMA2_Channel4_5_IRQHandler               0x08000247   Thumb Code     0  startup_stm32f10x_hd.o(.text)
    EXTI0_IRQHandler                         0x08000247   Thumb Code     0  startup_stm32f10x_hd.o(.text)
    EXTI15_10_IRQHandler                     0x08000247   Thumb Code     0  startup_stm32f10x_hd.o(.text)
    EXTI1_IRQHandler                         0x08000247   Thumb Code     0  startup_stm32f10x_hd.o(.text)
    EXTI2_IRQHandler                         0x08000247   Thumb Code     0  startup_stm32f10x_hd.o(.text)
    EXTI3_IRQHandler                         0x08000247   Thumb Code     0  startup_stm32f10x_hd.o(.text)
    EXTI4_IRQHandler                         0x08000247   Thumb Code     0  startup_stm32f10x_hd.o(.text)
    EXTI9_5_IRQHandler                       0x08000247   Thumb Code     0  startup_stm32f10x_hd.o(.text)
    FLASH_IRQHandler                         0x08000247   Thumb Code     0  startup_stm32f10x_hd.o(.text)
    FSMC_IRQHandler                          0x08000247   Thumb Code     0  startup_stm32f10x_hd.o(.text)
    I2C1_ER_IRQHandler                       0x08000247   Thumb Code     0  startup_stm32f10x_hd.o(.text)
    I2C1_EV_IRQHandler                       0x08000247   Thumb Code     0  startup_stm32f10x_hd.o(.text)
    I2C2_ER_IRQHandler                       0x08000247   Thumb Code     0  startup_stm32f10x_hd.o(.text)
    I2C2_EV_IRQHandler                       0x08000247   Thumb Code     0  startup_stm32f10x_hd.o(.text)
    PVD_IRQHandler                           0x08000247   Thumb Code     0  startup_stm32f10x_hd.o(.text)
    RCC_IRQHandler                           0x08000247   Thumb Code     0  startup_stm32f10x_hd.o(.text)
    RTCAlarm_IRQHandler                      0x08000247   Thumb Code     0  startup_stm32f10x_hd.o(.text)
    RTC_IRQHandler                           0x08000247   Thumb Code     0  startup_stm32f10x_hd.o(.text)
    SDIO_IRQHandler                          0x08000247   Thumb Code     0  startup_stm32f10x_hd.o(.text)
    SPI1_IRQHandler                          0x08000247   Thumb Code     0  startup_stm32f10x_hd.o(.text)
    SPI2_IRQHandler                          0x08000247   Thumb Code     0  startup_stm32f10x_hd.o(.text)
    SPI3_IRQHandler                          0x08000247   Thumb Code     0  startup_stm32f10x_hd.o(.text)
    TAMPER_IRQHandler                        0x08000247   Thumb Code     0  startup_stm32f10x_hd.o(.text)
    TIM1_BRK_IRQHandler                      0x08000247   Thumb Code     0  startup_stm32f10x_hd.o(.text)
    TIM1_CC_IRQHandler                       0x08000247   Thumb Code     0  startup_stm32f10x_hd.o(.text)
    TIM1_TRG_COM_IRQHandler                  0x08000247   Thumb Code     0  startup_stm32f10x_hd.o(.text)
    TIM1_UP_IRQHandler                       0x08000247   Thumb Code     0  startup_stm32f10x_hd.o(.text)
    TIM2_IRQHandler                          0x08000247   Thumb Code     0  startup_stm32f10x_hd.o(.text)
    TIM3_IRQHandler                          0x08000247   Thumb Code     0  startup_stm32f10x_hd.o(.text)
    TIM5_IRQHandler                          0x08000247   Thumb Code     0  startup_stm32f10x_hd.o(.text)
    TIM6_IRQHandler                          0x08000247   Thumb Code     0  startup_stm32f10x_hd.o(.text)
    TIM7_IRQHandler                          0x08000247   Thumb Code     0  startup_stm32f10x_hd.o(.text)
    TIM8_BRK_IRQHandler                      0x08000247   Thumb Code     0  startup_stm32f10x_hd.o(.text)
    TIM8_CC_IRQHandler                       0x08000247   Thumb Code     0  startup_stm32f10x_hd.o(.text)
    TIM8_TRG_COM_IRQHandler                  0x08000247   Thumb Code     0  startup_stm32f10x_hd.o(.text)
    TIM8_UP_IRQHandler                       0x08000247   Thumb Code     0  startup_stm32f10x_hd.o(.text)
    UART4_IRQHandler                         0x08000247   Thumb Code     0  startup_stm32f10x_hd.o(.text)
    UART5_IRQHandler                         0x08000247   Thumb Code     0  startup_stm32f10x_hd.o(.text)
    USART2_IRQHandler                        0x08000247   Thumb Code     0  startup_stm32f10x_hd.o(.text)
    USART3_IRQHandler                        0x08000247   Thumb Code     0  startup_stm32f10x_hd.o(.text)
    USBWakeUp_IRQHandler                     0x08000247   Thumb Code     0  startup_stm32f10x_hd.o(.text)
    USB_HP_CAN1_TX_IRQHandler                0x08000247   Thumb Code     0  startup_stm32f10x_hd.o(.text)
    USB_LP_CAN1_RX0_IRQHandler               0x08000247   Thumb Code     0  startup_stm32f10x_hd.o(.text)
    WWDG_IRQHandler                          0x08000247   Thumb Code     0  startup_stm32f10x_hd.o(.text)
    __user_initial_stackheap                 0x08000249   Thumb Code     0  startup_stm32f10x_hd.o(.text)
    __use_no_semihosting                     0x0800026d   Thumb Code     2  use_no_semi_2.o(.text)
    __2printf                                0x08000271   Thumb Code    20  noretval__2printf.o(.text)
    _printf_pre_padding                      0x08000289   Thumb Code    44  _printf_pad.o(.text)
    _printf_post_padding                     0x080002b5   Thumb Code    34  _printf_pad.o(.text)
    _printf_str                              0x080002d7   Thumb Code    82  _printf_str.o(.text)
    _printf_int_dec                          0x08000329   Thumb Code   104  _printf_dec.o(.text)
    _printf_int_hex                          0x080003a1   Thumb Code    84  _printf_hex_int.o(.text)
    _printf_longlong_hex                     0x080003a1   Thumb Code     0  _printf_hex_int.o(.text)
    __printf                                 0x080003f9   Thumb Code   388  __printf_flags_ss_wp.o(.text)
    __use_two_region_memory                  0x08000581   Thumb Code     2  heapauxi.o(.text)
    __rt_heap_escrow$2region                 0x08000583   Thumb Code     2  heapauxi.o(.text)
    __rt_heap_expand$2region                 0x08000585   Thumb Code     2  heapauxi.o(.text)
    __I$use$semihosting                      0x08000587   Thumb Code     0  use_no_semi.o(.text)
    __use_no_semihosting_swi                 0x08000587   Thumb Code     2  use_no_semi.o(.text)
    _printf_int_common                       0x08000589   Thumb Code   178  _printf_intcommon.o(.text)
    _printf_cs_common                        0x0800063b   Thumb Code    20  _printf_char.o(.text)
    _printf_char                             0x0800064f   Thumb Code    16  _printf_char.o(.text)
    _printf_string                           0x0800065f   Thumb Code     8  _printf_char.o(.text)
    _printf_char_file                        0x08000669   Thumb Code    32  _printf_char_file.o(.text)
    _printf_char_common                      0x08000697   Thumb Code    32  _printf_char_common.o(.text)
    ferror                                   0x080006bd   Thumb Code     8  ferror.o(.text)
    __user_setup_stackheap                   0x080006c5   Thumb Code    74  sys_stackheap_outer.o(.text)
    exit                                     0x0800070f   Thumb Code    12  exit.o(.text)
    __user_libspace                          0x0800071d   Thumb Code     8  libspace.o(.text)
    __user_perproc_libspace                  0x0800071d   Thumb Code     0  libspace.o(.text)
    __user_perthread_libspace                0x0800071d   Thumb Code     0  libspace.o(.text)
    ADC_Cmd                                  0x08000725   Thumb Code    22  stm32f10x_adc.o(i.ADC_Cmd)
    ADC_DeInit                               0x0800073d   Thumb Code    78  stm32f10x_adc.o(i.ADC_DeInit)
    ADC_GetCalibrationStatus                 0x08000799   Thumb Code    20  stm32f10x_adc.o(i.ADC_GetCalibrationStatus)
    ADC_GetConversionValue                   0x080007ad   Thumb Code     8  stm32f10x_adc.o(i.ADC_GetConversionValue)
    ADC_GetFlagStatus                        0x080007b5   Thumb Code    18  stm32f10x_adc.o(i.ADC_GetFlagStatus)
    ADC_GetResetCalibrationStatus            0x080007c7   Thumb Code    20  stm32f10x_adc.o(i.ADC_GetResetCalibrationStatus)
    ADC_Init                                 0x080007dd   Thumb Code    70  stm32f10x_adc.o(i.ADC_Init)
    ADC_RegularChannelConfig                 0x0800082d   Thumb Code   184  stm32f10x_adc.o(i.ADC_RegularChannelConfig)
    ADC_ResetCalibration                     0x080008e5   Thumb Code    10  stm32f10x_adc.o(i.ADC_ResetCalibration)
    ADC_SoftwareStartConvCmd                 0x080008ef   Thumb Code    22  stm32f10x_adc.o(i.ADC_SoftwareStartConvCmd)
    ADC_StartCalibration                     0x08000905   Thumb Code    10  stm32f10x_adc.o(i.ADC_StartCalibration)
    Adc_Init                                 0x08000911   Thumb Code   158  adc.o(i.Adc_Init)
    BusFault_Handler                         0x080009b9   Thumb Code     4  stm32f10x_it.o(i.BusFault_Handler)
    DAC_Cmd                                  0x080009bd   Thumb Code    34  stm32f10x_dac.o(i.DAC_Cmd)
    DAC_GetDataOutputValue                   0x080009e5   Thumb Code    32  stm32f10x_dac.o(i.DAC_GetDataOutputValue)
    DAC_Init                                 0x08000a09   Thumb Code    46  stm32f10x_dac.o(i.DAC_Init)
    DAC_SetChannel1Data                      0x08000a3d   Thumb Code    26  stm32f10x_dac.o(i.DAC_SetChannel1Data)
    Dac1_Init                                0x08000a5d   Thumb Code    86  dac.o(i.Dac1_Init)
    Dac1_Set_Vol                             0x08000ab9   Thumb Code    70  dac.o(i.Dac1_Set_Vol)
    DebugMon_Handler                         0x08000b05   Thumb Code     2  stm32f10x_it.o(i.DebugMon_Handler)
    FSMC_NORSRAMCmd                          0x08000b09   Thumb Code    46  stm32f10x_fsmc.o(i.FSMC_NORSRAMCmd)
    FSMC_NORSRAMInit                         0x08000b3d   Thumb Code   230  stm32f10x_fsmc.o(i.FSMC_NORSRAMInit)
    GPIO_Init                                0x08000c23   Thumb Code   278  stm32f10x_gpio.o(i.GPIO_Init)
    GPIO_ReadInputDataBit                    0x08000d39   Thumb Code    18  stm32f10x_gpio.o(i.GPIO_ReadInputDataBit)
    GPIO_SetBits                             0x08000d4b   Thumb Code     4  stm32f10x_gpio.o(i.GPIO_SetBits)
    Get_Adc                                  0x08000d51   Thumb Code    46  adc.o(i.Get_Adc)
    Get_Adc_Average                          0x08000d85   Thumb Code    46  adc.o(i.Get_Adc_Average)
    HardFault_Handler                        0x08000db3   Thumb Code     4  stm32f10x_it.o(i.HardFault_Handler)
    KEY_Init                                 0x08000db9   Thumb Code    52  key.o(i.KEY_Init)
    KEY_Scan                                 0x08000df5   Thumb Code   188  key.o(i.KEY_Scan)
    LCD_Clear                                0x08000ebd   Thumb Code   100  lcd.o(i.LCD_Clear)
    LCD_Display_Dir                          0x08000f29   Thumb Code   444  lcd.o(i.LCD_Display_Dir)
    LCD_Fast_DrawPoint                       0x080010e9   Thumb Code   370  lcd.o(i.LCD_Fast_DrawPoint)
    LCD_Init                                 0x08001265   Thumb Code 14186  lcd.o(i.LCD_Init)
    LCD_Pow                                  0x080049d9   Thumb Code    22  lcd.o(i.LCD_Pow)
    LCD_RD_DATA                              0x080049f1   Thumb Code    14  lcd.o(i.LCD_RD_DATA)
    LCD_ReadReg                              0x08004a05   Thumb Code    22  lcd.o(i.LCD_ReadReg)
    LCD_SSD_BackLightSet                     0x08004a1d   Thumb Code    80  lcd.o(i.LCD_SSD_BackLightSet)
    LCD_Scan_Dir                             0x08004a71   Thumb Code   744  lcd.o(i.LCD_Scan_Dir)
    LCD_SetCursor                            0x08004d5d   Thumb Code   418  lcd.o(i.LCD_SetCursor)
    LCD_ShowChar                             0x08004f05   Thumb Code   272  lcd.o(i.LCD_ShowChar)
    LCD_ShowString                           0x0800502d   Thumb Code   102  lcd.o(i.LCD_ShowString)
    LCD_ShowxNum                             0x08005093   Thumb Code   190  lcd.o(i.LCD_ShowxNum)
    LCD_WR_DATA                              0x08005151   Thumb Code     6  lcd.o(i.LCD_WR_DATA)
    LCD_WR_REG                               0x0800515d   Thumb Code     6  lcd.o(i.LCD_WR_REG)
    LCD_WriteRAM_Prepare                     0x08005169   Thumb Code    10  lcd.o(i.LCD_WriteRAM_Prepare)
    LCD_WriteReg                             0x0800517d   Thumb Code    10  lcd.o(i.LCD_WriteReg)
    LED_Init                                 0x0800518d   Thumb Code    62  led.o(i.LED_Init)
    MemManage_Handler                        0x080051d5   Thumb Code     4  stm32f10x_it.o(i.MemManage_Handler)
    NMI_Handler                              0x080051d9   Thumb Code     2  stm32f10x_it.o(i.NMI_Handler)
    NVIC_Init                                0x080051dd   Thumb Code   100  misc.o(i.NVIC_Init)
    NVIC_PriorityGroupConfig                 0x0800524d   Thumb Code    10  misc.o(i.NVIC_PriorityGroupConfig)
    PendSV_Handler                           0x08005261   Thumb Code     2  stm32f10x_it.o(i.PendSV_Handler)
    RCC_ADCCLKConfig                         0x08005265   Thumb Code    18  stm32f10x_rcc.o(i.RCC_ADCCLKConfig)
    RCC_AHBPeriphClockCmd                    0x0800527d   Thumb Code    26  stm32f10x_rcc.o(i.RCC_AHBPeriphClockCmd)
    RCC_APB1PeriphClockCmd                   0x0800529d   Thumb Code    26  stm32f10x_rcc.o(i.RCC_APB1PeriphClockCmd)
    RCC_APB2PeriphClockCmd                   0x080052bd   Thumb Code    26  stm32f10x_rcc.o(i.RCC_APB2PeriphClockCmd)
    RCC_APB2PeriphResetCmd                   0x080052dd   Thumb Code    26  stm32f10x_rcc.o(i.RCC_APB2PeriphResetCmd)
    RCC_GetClocksFreq                        0x080052fd   Thumb Code   192  stm32f10x_rcc.o(i.RCC_GetClocksFreq)
    SVC_Handler                              0x080053d1   Thumb Code     2  stm32f10x_it.o(i.SVC_Handler)
    SysTick_CLKSourceConfig                  0x080054bd   Thumb Code    40  misc.o(i.SysTick_CLKSourceConfig)
    SysTick_Handler                          0x080054e5   Thumb Code     2  stm32f10x_it.o(i.SysTick_Handler)
    SystemInit                               0x080054e9   Thumb Code    78  system_stm32f10x.o(i.SystemInit)
    TIM4_IRQHandler                          0x08005549   Thumb Code    46  usmart.o(i.TIM4_IRQHandler)
    TIM_ClearFlag                            0x08005581   Thumb Code     6  stm32f10x_tim.o(i.TIM_ClearFlag)
    TIM_ClearITPendingBit                    0x08005587   Thumb Code     6  stm32f10x_tim.o(i.TIM_ClearITPendingBit)
    TIM_Cmd                                  0x0800558d   Thumb Code    24  stm32f10x_tim.o(i.TIM_Cmd)
    TIM_GetCounter                           0x080055a5   Thumb Code     6  stm32f10x_tim.o(i.TIM_GetCounter)
    TIM_GetFlagStatus                        0x080055ab   Thumb Code    18  stm32f10x_tim.o(i.TIM_GetFlagStatus)
    TIM_GetITStatus                          0x080055bd   Thumb Code    34  stm32f10x_tim.o(i.TIM_GetITStatus)
    TIM_ITConfig                             0x080055df   Thumb Code    18  stm32f10x_tim.o(i.TIM_ITConfig)
    TIM_SetAutoreload                        0x080055f1   Thumb Code     4  stm32f10x_tim.o(i.TIM_SetAutoreload)
    TIM_SetCounter                           0x080055f5   Thumb Code     4  stm32f10x_tim.o(i.TIM_SetCounter)
    TIM_TimeBaseInit                         0x080055f9   Thumb Code   122  stm32f10x_tim.o(i.TIM_TimeBaseInit)
    Timer4_Init                              0x0800569d   Thumb Code    88  usmart.o(i.Timer4_Init)
    USART1_IRQHandler                        0x080056f9   Thumb Code   122  usart.o(i.USART1_IRQHandler)
    USART_Cmd                                0x08005781   Thumb Code    24  stm32f10x_usart.o(i.USART_Cmd)
    USART_GetITStatus                        0x08005799   Thumb Code    84  stm32f10x_usart.o(i.USART_GetITStatus)
    USART_ITConfig                           0x080057ed   Thumb Code    74  stm32f10x_usart.o(i.USART_ITConfig)
    USART_Init                               0x08005839   Thumb Code   210  stm32f10x_usart.o(i.USART_Init)
    USART_ReceiveData                        0x08005911   Thumb Code    10  stm32f10x_usart.o(i.USART_ReceiveData)
    UsageFault_Handler                       0x0800591b   Thumb Code     4  stm32f10x_it.o(i.UsageFault_Handler)
    _is_digit                                0x0800591f   Thumb Code    14  __printf_wp.o(i._is_digit)
    _sys_exit                                0x0800592d   Thumb Code     4  usart.o(i._sys_exit)
    delay_init                               0x08005931   Thumb Code    50  delay.o(i.delay_init)
    delay_ms                                 0x08005975   Thumb Code    72  delay.o(i.delay_ms)
    delay_us                                 0x080059c1   Thumb Code    72  delay.o(i.delay_us)
    fputc                                    0x08005a0d   Thumb Code    24  usart.o(i.fputc)
    main                                     0x08005a29   Thumb Code   598  main.o(i.main)
    read_addr                                0x08005ce9   Thumb Code     6  usmart.o(i.read_addr)
    uart_init                                0x08005cf1   Thumb Code   152  usart.o(i.uart_init)
    usmart_cmd_rec                           0x08005d91   Thumb Code   170  usmart.o(i.usmart_cmd_rec)
    usmart_exe                               0x08005e41   Thumb Code   632  usmart.o(i.usmart_exe)
    usmart_get_aparm                         0x08006115   Thumb Code   200  usmart_str.o(i.usmart_get_aparm)
    usmart_get_cmdname                       0x080061dd   Thumb Code    54  usmart_str.o(i.usmart_get_cmdname)
    usmart_get_fname                         0x08006215   Thumb Code   440  usmart_str.o(i.usmart_get_fname)
    usmart_get_fparam                        0x080063d5   Thumb Code   262  usmart_str.o(i.usmart_get_fparam)
    usmart_get_parmpos                       0x080064e1   Thumb Code    26  usmart_str.o(i.usmart_get_parmpos)
    usmart_get_runtime                       0x08006501   Thumb Code    60  usmart.o(i.usmart_get_runtime)
    usmart_init                              0x08006545   Thumb Code    36  usmart.o(i.usmart_init)
    usmart_pow                               0x0800656d   Thumb Code    22  usmart_str.o(i.usmart_pow)
    usmart_reset_runtime                     0x08006585   Thumb Code    38  usmart.o(i.usmart_reset_runtime)
    usmart_scan                              0x080065b5   Thumb Code   120  usmart.o(i.usmart_scan)
    usmart_search_nextc                      0x08006671   Thumb Code    22  usmart_str.o(i.usmart_search_nextc)
    usmart_str2num                           0x08006687   Thumb Code   202  usmart_str.o(i.usmart_str2num)
    usmart_strcmp                            0x08006751   Thumb Code    34  usmart_str.o(i.usmart_strcmp)
    usmart_strcopy                           0x08006773   Thumb Code    22  usmart_str.o(i.usmart_strcopy)
    usmart_strlen                            0x08006789   Thumb Code    24  usmart_str.o(i.usmart_strlen)
    usmart_sys_cmd_exe                       0x080067a1   Thumb Code  1554  usmart.o(i.usmart_sys_cmd_exe)
    write_addr                               0x08006e85   Thumb Code     4  usmart.o(i.write_addr)
    __aeabi_d2f                              0x08006e89   Thumb Code     0  d2f.o(x$fpl$d2f)
    _d2f                                     0x08006e89   Thumb Code    98  d2f.o(x$fpl$d2f)
    __aeabi_ddiv                             0x08006eed   Thumb Code     0  ddiv.o(x$fpl$ddiv)
    _ddiv                                    0x08006eed   Thumb Code   552  ddiv.o(x$fpl$ddiv)
    __aeabi_d2uiz                            0x0800719d   Thumb Code     0  dfixu.o(x$fpl$dfixu)
    _dfixu                                   0x0800719d   Thumb Code    90  dfixu.o(x$fpl$dfixu)
    __aeabi_ui2d                             0x080071f7   Thumb Code     0  dflt_clz.o(x$fpl$dfltu)
    _dfltu                                   0x080071f7   Thumb Code    38  dflt_clz.o(x$fpl$dfltu)
    __aeabi_dmul                             0x0800721d   Thumb Code     0  dmul.o(x$fpl$dmul)
    _dmul                                    0x0800721d   Thumb Code   332  dmul.o(x$fpl$dmul)
    __fpl_dnaninf                            0x08007371   Thumb Code   156  dnaninf.o(x$fpl$dnaninf)
    __fpl_dretinf                            0x0800740d   Thumb Code    12  dretinf.o(x$fpl$dretinf)
    __aeabi_f2d                              0x08007419   Thumb Code     0  f2d.o(x$fpl$f2d)
    _f2d                                     0x08007419   Thumb Code    86  f2d.o(x$fpl$f2d)
    __aeabi_fadd                             0x08007471   Thumb Code     0  faddsub_clz.o(x$fpl$fadd)
    _fadd                                    0x08007471   Thumb Code   196  faddsub_clz.o(x$fpl$fadd)
    __aeabi_f2uiz                            0x08007535   Thumb Code     0  ffixu.o(x$fpl$ffixu)
    _ffixu                                   0x08007535   Thumb Code    62  ffixu.o(x$fpl$ffixu)
    __aeabi_ui2f                             0x08007575   Thumb Code     0  fflt_clz.o(x$fpl$ffltu)
    _ffltu                                   0x08007575   Thumb Code    38  fflt_clz.o(x$fpl$ffltu)
    __aeabi_fmul                             0x0800759d   Thumb Code     0  fmul.o(x$fpl$fmul)
    _fmul                                    0x0800759d   Thumb Code   258  fmul.o(x$fpl$fmul)
    __fpl_fnaninf                            0x0800769f   Thumb Code   140  fnaninf.o(x$fpl$fnaninf)
    __fpl_fretinf                            0x0800772b   Thumb Code    10  fretinf.o(x$fpl$fretinf)
    __aeabi_frsub                            0x08007735   Thumb Code     0  faddsub_clz.o(x$fpl$frsb)
    _frsb                                    0x08007735   Thumb Code    20  faddsub_clz.o(x$fpl$frsb)
    __aeabi_fsub                             0x08007749   Thumb Code     0  faddsub_clz.o(x$fpl$fsub)
    _fsub                                    0x08007749   Thumb Code   234  faddsub_clz.o(x$fpl$fsub)
    __I$use$fp                               0x08007832   Number         0  usenofp.o(x$fpl$usenofp)
    asc2_1206                                0x08007832   Data        1140  lcd.o(.constdata)
    asc2_1608                                0x08007ca6   Data        1520  lcd.o(.constdata)
    asc2_2412                                0x08008296   Data        3420  lcd.o(.constdata)
    Region$$Table$$Base                      0x080090dc   Number         0  anon$$obj.o(Region$$Table)
    Region$$Table$$Limit                     0x080090fc   Number         0  anon$$obj.o(Region$$Table)
    SystemCoreClock                          0x20000000   Data           4  system_stm32f10x.o(.data)
    AHBPrescTable                            0x20000004   Data          16  system_stm32f10x.o(.data)
    __stdout                                 0x20000018   Data           4  usart.o(.data)
    USART_RX_STA                             0x2000001c   Data           2  usart.o(.data)
    POINT_COLOR                              0x20000032   Data           2  lcd.o(.data)
    BACK_COLOR                               0x20000034   Data           2  lcd.o(.data)
    sys_cmd_tab                              0x20000038   Data          28  usmart.o(.data)
    usmart_nametab                           0x20000054   Data          40  usmart_config.o(.data)
    usmart_dev                               0x2000007c   Data         244  usmart_config.o(.data)
    USART_RX_BUF                             0x20000170   Data         200  usart.o(.bss)
    lcddev                                   0x20000238   Data          14  lcd.o(.bss)
    __libspace_start                         0x20000248   Data          96  libspace.o(.bss)
    __temporary_stack_top$libspace           0x200002a8   Data           0  libspace.o(.bss)



==============================================================================

Memory Map of the image

  Image Entry point : 0x0800022d

  Load Region LR_1 (Base: 0x08000000, Size: 0x0000926c, Max: 0xffffffff, ABSOLUTE, COMPRESSED[0x00009168])

    Execution Region ER_RO (Base: 0x08000000, Size: 0x000090fc, Max: 0xffffffff, ABSOLUTE)

    Base Addr    Size         Type   Attr      Idx    E Section Name        Object

    0x08000000   0x00000130   Data   RO          372    RESET               startup_stm32f10x_hd.o
    0x08000130   0x00000008   Code   RO         3872  * !!!main             c_w.l(__main.o)
    0x08000138   0x00000034   Code   RO         4090    !!!scatter          c_w.l(__scatter.o)
    0x0800016c   0x0000005a   Code   RO         4088    !!dczerorl2         c_w.l(__dczerorl2.o)
    0x080001c6   0x00000002   PAD
    0x080001c8   0x0000001c   Code   RO         4092    !!handler_zi        c_w.l(__scatter_zi.o)
    0x080001e4   0x00000000   Code   RO         3869    .ARM.Collect$$_printf_percent$$00000000  c_w.l(_printf_percent.o)
    0x080001e4   0x00000006   Code   RO         3867    .ARM.Collect$$_printf_percent$$00000009  c_w.l(_printf_d.o)
    0x080001ea   0x00000006   Code   RO         3868    .ARM.Collect$$_printf_percent$$0000000A  c_w.l(_printf_u.o)
    0x080001f0   0x00000006   Code   RO         3866    .ARM.Collect$$_printf_percent$$0000000C  c_w.l(_printf_x.o)
    0x080001f6   0x00000006   Code   RO         3864    .ARM.Collect$$_printf_percent$$00000013  c_w.l(_printf_c.o)
    0x080001fc   0x00000006   Code   RO         3865    .ARM.Collect$$_printf_percent$$00000014  c_w.l(_printf_s.o)
    0x08000202   0x00000004   Code   RO         3921    .ARM.Collect$$_printf_percent$$00000017  c_w.l(_printf_percent_end.o)
    0x08000206   0x00000002   Code   RO         3963    .ARM.Collect$$libinit$$00000000  c_w.l(libinit.o)
    0x08000208   0x00000000   Code   RO         3970    .ARM.Collect$$libinit$$00000002  c_w.l(libinit2.o)
    0x08000208   0x00000000   Code   RO         3972    .ARM.Collect$$libinit$$00000004  c_w.l(libinit2.o)
    0x08000208   0x00000000   Code   RO         3975    .ARM.Collect$$libinit$$0000000A  c_w.l(libinit2.o)
    0x08000208   0x00000000   Code   RO         3977    .ARM.Collect$$libinit$$0000000C  c_w.l(libinit2.o)
    0x08000208   0x00000000   Code   RO         3979    .ARM.Collect$$libinit$$0000000E  c_w.l(libinit2.o)
    0x08000208   0x00000000   Code   RO         3982    .ARM.Collect$$libinit$$00000011  c_w.l(libinit2.o)
    0x08000208   0x00000000   Code   RO         3984    .ARM.Collect$$libinit$$00000013  c_w.l(libinit2.o)
    0x08000208   0x00000000   Code   RO         3986    .ARM.Collect$$libinit$$00000015  c_w.l(libinit2.o)
    0x08000208   0x00000000   Code   RO         3988    .ARM.Collect$$libinit$$00000017  c_w.l(libinit2.o)
    0x08000208   0x00000000   Code   RO         3990    .ARM.Collect$$libinit$$00000019  c_w.l(libinit2.o)
    0x08000208   0x00000000   Code   RO         3992    .ARM.Collect$$libinit$$0000001B  c_w.l(libinit2.o)
    0x08000208   0x00000000   Code   RO         3994    .ARM.Collect$$libinit$$0000001D  c_w.l(libinit2.o)
    0x08000208   0x00000000   Code   RO         3996    .ARM.Collect$$libinit$$0000001F  c_w.l(libinit2.o)
    0x08000208   0x00000000   Code   RO         3998    .ARM.Collect$$libinit$$00000021  c_w.l(libinit2.o)
    0x08000208   0x00000000   Code   RO         4000    .ARM.Collect$$libinit$$00000023  c_w.l(libinit2.o)
    0x08000208   0x00000000   Code   RO         4002    .ARM.Collect$$libinit$$00000025  c_w.l(libinit2.o)
    0x08000208   0x00000000   Code   RO         4006    .ARM.Collect$$libinit$$0000002C  c_w.l(libinit2.o)
    0x08000208   0x00000000   Code   RO         4008    .ARM.Collect$$libinit$$0000002E  c_w.l(libinit2.o)
    0x08000208   0x00000000   Code   RO         4010    .ARM.Collect$$libinit$$00000030  c_w.l(libinit2.o)
    0x08000208   0x00000000   Code   RO         4012    .ARM.Collect$$libinit$$00000032  c_w.l(libinit2.o)
    0x08000208   0x00000002   Code   RO         4013    .ARM.Collect$$libinit$$00000033  c_w.l(libinit2.o)
    0x0800020a   0x00000002   Code   RO         4031    .ARM.Collect$$libshutdown$$00000000  c_w.l(libshutdown.o)
    0x0800020c   0x00000000   Code   RO         4042    .ARM.Collect$$libshutdown$$00000003  c_w.l(libshutdown2.o)
    0x0800020c   0x00000000   Code   RO         4045    .ARM.Collect$$libshutdown$$00000006  c_w.l(libshutdown2.o)
    0x0800020c   0x00000000   Code   RO         4048    .ARM.Collect$$libshutdown$$00000009  c_w.l(libshutdown2.o)
    0x0800020c   0x00000000   Code   RO         4050    .ARM.Collect$$libshutdown$$0000000B  c_w.l(libshutdown2.o)
    0x0800020c   0x00000000   Code   RO         4053    .ARM.Collect$$libshutdown$$0000000E  c_w.l(libshutdown2.o)
    0x0800020c   0x00000002   Code   RO         4054    .ARM.Collect$$libshutdown$$0000000F  c_w.l(libshutdown2.o)
    0x0800020e   0x00000000   Code   RO         3914    .ARM.Collect$$rtentry$$00000000  c_w.l(__rtentry.o)
    0x0800020e   0x00000000   Code   RO         3932    .ARM.Collect$$rtentry$$00000002  c_w.l(__rtentry2.o)
    0x0800020e   0x00000006   Code   RO         3944    .ARM.Collect$$rtentry$$00000004  c_w.l(__rtentry4.o)
    0x08000214   0x00000000   Code   RO         3934    .ARM.Collect$$rtentry$$00000009  c_w.l(__rtentry2.o)
    0x08000214   0x00000004   Code   RO         3935    .ARM.Collect$$rtentry$$0000000A  c_w.l(__rtentry2.o)
    0x08000218   0x00000000   Code   RO         3937    .ARM.Collect$$rtentry$$0000000C  c_w.l(__rtentry2.o)
    0x08000218   0x00000008   Code   RO         3938    .ARM.Collect$$rtentry$$0000000D  c_w.l(__rtentry2.o)
    0x08000220   0x00000002   Code   RO         3967    .ARM.Collect$$rtexit$$00000000  c_w.l(rtexit.o)
    0x08000222   0x00000000   Code   RO         4015    .ARM.Collect$$rtexit$$00000002  c_w.l(rtexit2.o)
    0x08000222   0x00000004   Code   RO         4016    .ARM.Collect$$rtexit$$00000003  c_w.l(rtexit2.o)
    0x08000226   0x00000006   Code   RO         4017    .ARM.Collect$$rtexit$$00000004  c_w.l(rtexit2.o)
    0x0800022c   0x00000040   Code   RO          373  * .text               startup_stm32f10x_hd.o
    0x0800026c   0x00000002   Code   RO         3809    .text               c_w.l(use_no_semi_2.o)
    0x0800026e   0x00000002   PAD
    0x08000270   0x00000018   Code   RO         3813    .text               c_w.l(noretval__2printf.o)
    0x08000288   0x0000004e   Code   RO         3817    .text               c_w.l(_printf_pad.o)
    0x080002d6   0x00000052   Code   RO         3819    .text               c_w.l(_printf_str.o)
    0x08000328   0x00000078   Code   RO         3821    .text               c_w.l(_printf_dec.o)
    0x080003a0   0x00000058   Code   RO         3826    .text               c_w.l(_printf_hex_int.o)
    0x080003f8   0x00000188   Code   RO         3861    .text               c_w.l(__printf_flags_ss_wp.o)
    0x08000580   0x00000006   Code   RO         3870    .text               c_w.l(heapauxi.o)
    0x08000586   0x00000002   Code   RO         3912    .text               c_w.l(use_no_semi.o)
    0x08000588   0x000000b2   Code   RO         3915    .text               c_w.l(_printf_intcommon.o)
    0x0800063a   0x0000002c   Code   RO         3917    .text               c_w.l(_printf_char.o)
    0x08000666   0x00000002   PAD
    0x08000668   0x00000024   Code   RO         3919    .text               c_w.l(_printf_char_file.o)
    0x0800068c   0x00000030   Code   RO         3946    .text               c_w.l(_printf_char_common.o)
    0x080006bc   0x00000008   Code   RO         3948    .text               c_w.l(ferror.o)
    0x080006c4   0x0000004a   Code   RO         3952    .text               c_w.l(sys_stackheap_outer.o)
    0x0800070e   0x0000000c   Code   RO         3956    .text               c_w.l(exit.o)
    0x0800071a   0x00000002   PAD
    0x0800071c   0x00000008   Code   RO         3964    .text               c_w.l(libspace.o)
    0x08000724   0x00000016   Code   RO          419    i.ADC_Cmd           stm32f10x_adc.o
    0x0800073a   0x00000002   PAD
    0x0800073c   0x0000005c   Code   RO          421    i.ADC_DeInit        stm32f10x_adc.o
    0x08000798   0x00000014   Code   RO          427    i.ADC_GetCalibrationStatus  stm32f10x_adc.o
    0x080007ac   0x00000008   Code   RO          428    i.ADC_GetConversionValue  stm32f10x_adc.o
    0x080007b4   0x00000012   Code   RO          430    i.ADC_GetFlagStatus  stm32f10x_adc.o
    0x080007c6   0x00000014   Code   RO          433    i.ADC_GetResetCalibrationStatus  stm32f10x_adc.o
    0x080007da   0x00000002   PAD
    0x080007dc   0x00000050   Code   RO          437    i.ADC_Init          stm32f10x_adc.o
    0x0800082c   0x000000b8   Code   RO          441    i.ADC_RegularChannelConfig  stm32f10x_adc.o
    0x080008e4   0x0000000a   Code   RO          442    i.ADC_ResetCalibration  stm32f10x_adc.o
    0x080008ee   0x00000016   Code   RO          444    i.ADC_SoftwareStartConvCmd  stm32f10x_adc.o
    0x08000904   0x0000000a   Code   RO          446    i.ADC_StartCalibration  stm32f10x_adc.o
    0x0800090e   0x00000002   PAD
    0x08000910   0x000000a8   Code   RO         3345    i.Adc_Init          adc.o
    0x080009b8   0x00000004   Code   RO          141    i.BusFault_Handler  stm32f10x_it.o
    0x080009bc   0x00000028   Code   RO         1000    i.DAC_Cmd           stm32f10x_dac.o
    0x080009e4   0x00000024   Code   RO         1004    i.DAC_GetDataOutputValue  stm32f10x_dac.o
    0x08000a08   0x00000034   Code   RO         1005    i.DAC_Init          stm32f10x_dac.o
    0x08000a3c   0x00000020   Code   RO         1006    i.DAC_SetChannel1Data  stm32f10x_dac.o
    0x08000a5c   0x0000005c   Code   RO         3380    i.Dac1_Init         dac.o
    0x08000ab8   0x0000004c   Code   RO         3381    i.Dac1_Set_Vol      dac.o
    0x08000b04   0x00000002   Code   RO          142    i.DebugMon_Handler  stm32f10x_it.o
    0x08000b06   0x00000002   PAD
    0x08000b08   0x00000034   Code   RO         1413    i.FSMC_NORSRAMCmd   stm32f10x_fsmc.o
    0x08000b3c   0x000000e6   Code   RO         1415    i.FSMC_NORSRAMInit  stm32f10x_fsmc.o
    0x08000c22   0x00000116   Code   RO         1528    i.GPIO_Init         stm32f10x_gpio.o
    0x08000d38   0x00000012   Code   RO         1532    i.GPIO_ReadInputDataBit  stm32f10x_gpio.o
    0x08000d4a   0x00000004   Code   RO         1536    i.GPIO_SetBits      stm32f10x_gpio.o
    0x08000d4e   0x00000002   PAD
    0x08000d50   0x00000034   Code   RO         3346    i.Get_Adc           adc.o
    0x08000d84   0x0000002e   Code   RO         3348    i.Get_Adc_Average   adc.o
    0x08000db2   0x00000004   Code   RO          143    i.HardFault_Handler  stm32f10x_it.o
    0x08000db6   0x00000002   PAD
    0x08000db8   0x0000003c   Code   RO         3613    i.KEY_Init          key.o
    0x08000df4   0x000000c8   Code   RO         3614    i.KEY_Scan          key.o
    0x08000ebc   0x0000006c   Code   RO         3399    i.LCD_Clear         lcd.o
    0x08000f28   0x000001c0   Code   RO         3403    i.LCD_Display_Dir   lcd.o
    0x080010e8   0x0000017c   Code   RO         3408    i.LCD_Fast_DrawPoint  lcd.o
    0x08001264   0x00003774   Code   RO         3410    i.LCD_Init          lcd.o
    0x080049d8   0x00000016   Code   RO         3411    i.LCD_Pow           lcd.o
    0x080049ee   0x00000002   PAD
    0x080049f0   0x00000014   Code   RO         3412    i.LCD_RD_DATA       lcd.o
    0x08004a04   0x00000016   Code   RO         3414    i.LCD_ReadReg       lcd.o
    0x08004a1a   0x00000002   PAD
    0x08004a1c   0x00000054   Code   RO         3415    i.LCD_SSD_BackLightSet  lcd.o
    0x08004a70   0x000002ec   Code   RO         3416    i.LCD_Scan_Dir      lcd.o
    0x08004d5c   0x000001a8   Code   RO         3417    i.LCD_SetCursor     lcd.o
    0x08004f04   0x00000128   Code   RO         3419    i.LCD_ShowChar      lcd.o
    0x0800502c   0x00000066   Code   RO         3421    i.LCD_ShowString    lcd.o
    0x08005092   0x000000be   Code   RO         3422    i.LCD_ShowxNum      lcd.o
    0x08005150   0x0000000c   Code   RO         3423    i.LCD_WR_DATA       lcd.o
    0x0800515c   0x0000000c   Code   RO         3424    i.LCD_WR_REG        lcd.o
    0x08005168   0x00000014   Code   RO         3426    i.LCD_WriteRAM_Prepare  lcd.o
    0x0800517c   0x00000010   Code   RO         3427    i.LCD_WriteReg      lcd.o
    0x0800518c   0x00000048   Code   RO         3601    i.LED_Init          led.o
    0x080051d4   0x00000004   Code   RO          144    i.MemManage_Handler  stm32f10x_it.o
    0x080051d8   0x00000002   Code   RO          145    i.NMI_Handler       stm32f10x_it.o
    0x080051da   0x00000002   PAD
    0x080051dc   0x00000070   Code   RO          377    i.NVIC_Init         misc.o
    0x0800524c   0x00000014   Code   RO          378    i.NVIC_PriorityGroupConfig  misc.o
    0x08005260   0x00000002   Code   RO          146    i.PendSV_Handler    stm32f10x_it.o
    0x08005262   0x00000002   PAD
    0x08005264   0x00000018   Code   RO         1942    i.RCC_ADCCLKConfig  stm32f10x_rcc.o
    0x0800527c   0x00000020   Code   RO         1943    i.RCC_AHBPeriphClockCmd  stm32f10x_rcc.o
    0x0800529c   0x00000020   Code   RO         1944    i.RCC_APB1PeriphClockCmd  stm32f10x_rcc.o
    0x080052bc   0x00000020   Code   RO         1946    i.RCC_APB2PeriphClockCmd  stm32f10x_rcc.o
    0x080052dc   0x00000020   Code   RO         1947    i.RCC_APB2PeriphResetCmd  stm32f10x_rcc.o
    0x080052fc   0x000000d4   Code   RO         1954    i.RCC_GetClocksFreq  stm32f10x_rcc.o
    0x080053d0   0x00000002   Code   RO          147    i.SVC_Handler       stm32f10x_it.o
    0x080053d2   0x00000008   Code   RO          230    i.SetSysClock       system_stm32f10x.o
    0x080053da   0x00000002   PAD
    0x080053dc   0x000000e0   Code   RO          231    i.SetSysClockTo72   system_stm32f10x.o
    0x080054bc   0x00000028   Code   RO          381    i.SysTick_CLKSourceConfig  misc.o
    0x080054e4   0x00000002   Code   RO          148    i.SysTick_Handler   stm32f10x_it.o
    0x080054e6   0x00000002   PAD
    0x080054e8   0x00000060   Code   RO          233    i.SystemInit        system_stm32f10x.o
    0x08005548   0x00000038   Code   RO         3632    i.TIM4_IRQHandler   usmart.o
    0x08005580   0x00000006   Code   RO         2572    i.TIM_ClearFlag     stm32f10x_tim.o
    0x08005586   0x00000006   Code   RO         2573    i.TIM_ClearITPendingBit  stm32f10x_tim.o
    0x0800558c   0x00000018   Code   RO         2578    i.TIM_Cmd           stm32f10x_tim.o
    0x080055a4   0x00000006   Code   RO         2597    i.TIM_GetCounter    stm32f10x_tim.o
    0x080055aa   0x00000012   Code   RO         2598    i.TIM_GetFlagStatus  stm32f10x_tim.o
    0x080055bc   0x00000022   Code   RO         2599    i.TIM_GetITStatus   stm32f10x_tim.o
    0x080055de   0x00000012   Code   RO         2603    i.TIM_ITConfig      stm32f10x_tim.o
    0x080055f0   0x00000004   Code   RO         2637    i.TIM_SetAutoreload  stm32f10x_tim.o
    0x080055f4   0x00000004   Code   RO         2643    i.TIM_SetCounter    stm32f10x_tim.o
    0x080055f8   0x000000a4   Code   RO         2649    i.TIM_TimeBaseInit  stm32f10x_tim.o
    0x0800569c   0x0000005c   Code   RO         3633    i.Timer4_Init       usmart.o
    0x080056f8   0x00000088   Code   RO          319    i.USART1_IRQHandler  usart.o
    0x08005780   0x00000018   Code   RO         3114    i.USART_Cmd         stm32f10x_usart.o
    0x08005798   0x00000054   Code   RO         3118    i.USART_GetITStatus  stm32f10x_usart.o
    0x080057ec   0x0000004a   Code   RO         3120    i.USART_ITConfig    stm32f10x_usart.o
    0x08005836   0x00000002   PAD
    0x08005838   0x000000d8   Code   RO         3121    i.USART_Init        stm32f10x_usart.o
    0x08005910   0x0000000a   Code   RO         3128    i.USART_ReceiveData  stm32f10x_usart.o
    0x0800591a   0x00000004   Code   RO          149    i.UsageFault_Handler  stm32f10x_it.o
    0x0800591e   0x0000000e   Code   RO         3854    i._is_digit         c_w.l(__printf_wp.o)
    0x0800592c   0x00000004   Code   RO          320    i._sys_exit         usart.o
    0x08005930   0x00000044   Code   RO          264    i.delay_init        delay.o
    0x08005974   0x0000004c   Code   RO          265    i.delay_ms          delay.o
    0x080059c0   0x0000004c   Code   RO          266    i.delay_us          delay.o
    0x08005a0c   0x0000001c   Code   RO          321    i.fputc             usart.o
    0x08005a28   0x000002c0   Code   RO            1    i.main              main.o
    0x08005ce8   0x00000006   Code   RO         3634    i.read_addr         usmart.o
    0x08005cee   0x00000002   PAD
    0x08005cf0   0x000000a0   Code   RO          322    i.uart_init         usart.o
    0x08005d90   0x000000b0   Code   RO         3635    i.usmart_cmd_rec    usmart.o
    0x08005e40   0x000002d4   Code   RO         3636    i.usmart_exe        usmart.o
    0x08006114   0x000000c8   Code   RO         3735    i.usmart_get_aparm  usmart_str.o
    0x080061dc   0x00000036   Code   RO         3736    i.usmart_get_cmdname  usmart_str.o
    0x08006212   0x00000002   PAD
    0x08006214   0x000001c0   Code   RO         3737    i.usmart_get_fname  usmart_str.o
    0x080063d4   0x0000010c   Code   RO         3738    i.usmart_get_fparam  usmart_str.o
    0x080064e0   0x00000020   Code   RO         3739    i.usmart_get_parmpos  usmart_str.o
    0x08006500   0x00000044   Code   RO         3637    i.usmart_get_runtime  usmart.o
    0x08006544   0x00000028   Code   RO         3638    i.usmart_init       usmart.o
    0x0800656c   0x00000016   Code   RO         3740    i.usmart_pow        usmart_str.o
    0x08006582   0x00000002   PAD
    0x08006584   0x00000030   Code   RO         3639    i.usmart_reset_runtime  usmart.o
    0x080065b4   0x000000bc   Code   RO         3640    i.usmart_scan       usmart.o
    0x08006670   0x00000016   Code   RO         3741    i.usmart_search_nextc  usmart_str.o
    0x08006686   0x000000ca   Code   RO         3742    i.usmart_str2num    usmart_str.o
    0x08006750   0x00000022   Code   RO         3743    i.usmart_strcmp     usmart_str.o
    0x08006772   0x00000016   Code   RO         3744    i.usmart_strcopy    usmart_str.o
    0x08006788   0x00000018   Code   RO         3745    i.usmart_strlen     usmart_str.o
    0x080067a0   0x000006e4   Code   RO         3641    i.usmart_sys_cmd_exe  usmart.o
    0x08006e84   0x00000004   Code   RO         3642    i.write_addr        usmart.o
    0x08006e88   0x00000062   Code   RO         3874    x$fpl$d2f           fz_ws.l(d2f.o)
    0x08006eea   0x00000002   PAD
    0x08006eec   0x000002b0   Code   RO         3877    x$fpl$ddiv          fz_ws.l(ddiv.o)
    0x0800719c   0x0000005a   Code   RO         3880    x$fpl$dfixu         fz_ws.l(dfixu.o)
    0x080071f6   0x00000026   Code   RO         3884    x$fpl$dfltu         fz_ws.l(dflt_clz.o)
    0x0800721c   0x00000154   Code   RO         3890    x$fpl$dmul          fz_ws.l(dmul.o)
    0x08007370   0x0000009c   Code   RO         3922    x$fpl$dnaninf       fz_ws.l(dnaninf.o)
    0x0800740c   0x0000000c   Code   RO         3924    x$fpl$dretinf       fz_ws.l(dretinf.o)
    0x08007418   0x00000056   Code   RO         3892    x$fpl$f2d           fz_ws.l(f2d.o)
    0x0800746e   0x00000002   PAD
    0x08007470   0x000000c4   Code   RO         3894    x$fpl$fadd          fz_ws.l(faddsub_clz.o)
    0x08007534   0x0000003e   Code   RO         3900    x$fpl$ffixu         fz_ws.l(ffixu.o)
    0x08007572   0x00000002   PAD
    0x08007574   0x00000026   Code   RO         3904    x$fpl$ffltu         fz_ws.l(fflt_clz.o)
    0x0800759a   0x00000002   PAD
    0x0800759c   0x00000102   Code   RO         3910    x$fpl$fmul          fz_ws.l(fmul.o)
    0x0800769e   0x0000008c   Code   RO         3926    x$fpl$fnaninf       fz_ws.l(fnaninf.o)
    0x0800772a   0x0000000a   Code   RO         3928    x$fpl$fretinf       fz_ws.l(fretinf.o)
    0x08007734   0x00000014   Code   RO         3895    x$fpl$frsb          fz_ws.l(faddsub_clz.o)
    0x08007748   0x000000ea   Code   RO         3896    x$fpl$fsub          fz_ws.l(faddsub_clz.o)
    0x08007832   0x00000000   Code   RO         3930    x$fpl$usenofp       fz_ws.l(usenofp.o)
    0x08007832   0x000017c0   Data   RO         3430    .constdata          lcd.o
    0x08008ff2   0x00000028   Data   RO         3827    .constdata          c_w.l(_printf_hex_int.o)
    0x0800901a   0x00000011   Data   RO         3862    .constdata          c_w.l(__printf_flags_ss_wp.o)
    0x0800902b   0x00000001   PAD
    0x0800902c   0x00000028   Data   RO         3643    .conststring        usmart.o
    0x08009054   0x00000087   Data   RO         3719    .conststring        usmart_config.o
    0x080090db   0x00000001   PAD
    0x080090dc   0x00000020   Data   RO         4086    Region$$Table       anon$$obj.o


    Execution Region ER_RW (Base: 0x20000000, Size: 0x00000170, Max: 0xffffffff, ABSOLUTE, COMPRESSED[0x0000006c])

    Base Addr    Size         Type   Attr      Idx    E Section Name        Object

    0x20000000   0x00000014   Data   RW          234    .data               system_stm32f10x.o
    0x20000014   0x00000004   Data   RW          267    .data               delay.o
    0x20000018   0x00000006   Data   RW          324    .data               usart.o
    0x2000001e   0x00000014   Data   RW         1974    .data               stm32f10x_rcc.o
    0x20000032   0x00000004   Data   RW         3431    .data               lcd.o
    0x20000036   0x00000001   Data   RW         3615    .data               key.o
    0x20000037   0x00000001   PAD
    0x20000038   0x0000001c   Data   RW         3644    .data               usmart.o
    0x20000054   0x0000011c   Data   RW         3720    .data               usmart_config.o


    Execution Region ER_ZI (Base: 0x20000170, Size: 0x00000738, Max: 0xffffffff, ABSOLUTE)

    Base Addr    Size         Type   Attr      Idx    E Section Name        Object

    0x20000170   0x000000c8   Zero   RW          323    .bss                usart.o
    0x20000238   0x0000000e   Zero   RW         3429    .bss                lcd.o
    0x20000246   0x00000002   PAD
    0x20000248   0x00000060   Zero   RW         3965    .bss                c_w.l(libspace.o)
    0x200002a8   0x00000200   Zero   RW          371    HEAP                startup_stm32f10x_hd.o
    0x200004a8   0x00000400   Zero   RW          370    STACK               startup_stm32f10x_hd.o


==============================================================================

Image component sizes


      Code (inc. data)   RO Data    RW Data    ZI Data      Debug   Object Name

       266         16          0          0          0       1819   adc.o
       168         12          0          0          0       1135   dac.o
       220         26          0          4          0       1791   delay.o
       260         20          0          1          0       1210   key.o
     17100        184       6080          4         14      21964   lcd.o
        72         10          0          0          0        515   led.o
       704        106          0          0          0     275447   main.o
       172         22          0          0          0       2145   misc.o
        64         26        304          0       1536        816   startup_stm32f10x_hd.o
       486         24          0          0          0       8778   stm32f10x_adc.o
       160         22          0          0          0       3112   stm32f10x_dac.o
       282          6          0          0          0       1881   stm32f10x_fsmc.o
       300          0          0          0          0       3183   stm32f10x_gpio.o
        26          0          0          0          0       3902   stm32f10x_it.o
       364         50          0         20          0       6286   stm32f10x_rcc.o
       284         42          0          0          0       6520   stm32f10x_tim.o
       408          6          0          0          0       5074   stm32f10x_usart.o
         0          0          0          0          0         32   sys.o
       328         28          0         20          0       2197   system_stm32f10x.o
       328         26          0          6        200       4232   usart.o
      3166       1330         40         28          0       7802   usmart.o
         0          0        135        284          0       1704   usmart_config.o
      1328         20          0          0          0       8561   usmart_str.o

    ----------------------------------------------------------------------
     26518       1976       6592        368       1752     370106   Object Totals
         0          0         32          0          0          0   (incl. Generated)
        32          0          1          1          2          0   (incl. Padding)

    ----------------------------------------------------------------------

      Code (inc. data)   RO Data    RW Data    ZI Data      Debug   Library Member Name

        90          0          0          0          0          0   __dczerorl2.o
         8          0          0          0          0         68   __main.o
       392          4         17          0          0         92   __printf_flags_ss_wp.o
        14          0          0          0          0         68   __printf_wp.o
         0          0          0          0          0          0   __rtentry.o
        12          0          0          0          0          0   __rtentry2.o
         6          0          0          0          0          0   __rtentry4.o
        52          8          0          0          0          0   __scatter.o
        28          0          0          0          0          0   __scatter_zi.o
         6          0          0          0          0          0   _printf_c.o
        44          0          0          0          0        108   _printf_char.o
        48          6          0          0          0         96   _printf_char_common.o
        36          4          0          0          0         80   _printf_char_file.o
         6          0          0          0          0          0   _printf_d.o
       120         16          0          0          0         92   _printf_dec.o
        88          4         40          0          0         88   _printf_hex_int.o
       178          0          0          0          0         88   _printf_intcommon.o
        78          0          0          0          0        108   _printf_pad.o
         0          0          0          0          0          0   _printf_percent.o
         4          0          0          0          0          0   _printf_percent_end.o
         6          0          0          0          0          0   _printf_s.o
        82          0          0          0          0         80   _printf_str.o
         6          0          0          0          0          0   _printf_u.o
         6          0          0          0          0          0   _printf_x.o
        12          0          0          0          0         72   exit.o
         8          0          0          0          0         68   ferror.o
         6          0          0          0          0        152   heapauxi.o
         2          0          0          0          0          0   libinit.o
         2          0          0          0          0          0   libinit2.o
         2          0          0          0          0          0   libshutdown.o
         2          0          0          0          0          0   libshutdown2.o
         8          4          0          0         96         68   libspace.o
        24          4          0          0          0         84   noretval__2printf.o
         2          0          0          0          0          0   rtexit.o
        10          0          0          0          0          0   rtexit2.o
        74          0          0          0          0         80   sys_stackheap_outer.o
         2          0          0          0          0         68   use_no_semi.o
         2          0          0          0          0         68   use_no_semi_2.o
        98          4          0          0          0         92   d2f.o
       688        140          0          0          0        208   ddiv.o
        90          4          0          0          0         92   dfixu.o
        38          0          0          0          0         68   dflt_clz.o
       340         12          0          0          0        104   dmul.o
       156          4          0          0          0         92   dnaninf.o
        12          0          0          0          0         68   dretinf.o
        86          4          0          0          0         84   f2d.o
       450          8          0          0          0        236   faddsub_clz.o
        62          4          0          0          0         84   ffixu.o
        38          0          0          0          0         68   fflt_clz.o
       258          4          0          0          0         84   fmul.o
       140          4          0          0          0         84   fnaninf.o
        10          0          0          0          0         68   fretinf.o
         0          0          0          0          0          0   usenofp.o

    ----------------------------------------------------------------------
      3948        238         58          0         96       3060   Library Totals
        16          0          1          0          0          0   (incl. Padding)

    ----------------------------------------------------------------------

      Code (inc. data)   RO Data    RW Data    ZI Data      Debug   Library Name

      1466         50         57          0         96       1628   c_w.l
      2466        188          0          0          0       1432   fz_ws.l

    ----------------------------------------------------------------------
      3948        238         58          0         96       3060   Library Totals

    ----------------------------------------------------------------------

==============================================================================


      Code (inc. data)   RO Data    RW Data    ZI Data      Debug   

     30466       2214       6650        368       1848     366090   Grand Totals
     30466       2214       6650        108       1848     366090   ELF Image Totals (compressed)
     30466       2214       6650        108          0          0   ROM Totals

==============================================================================

    Total RO  Size (Code + RO Data)                37116 (  36.25kB)
    Total RW  Size (RW Data + ZI Data)              2216 (   2.16kB)
    Total ROM Size (Code + RO Data + RW Data)      37224 (  36.35kB)

==============================================================================

