<html>
<body>
<pre>
<h1>礦ision Build Log</h1>
<h2>Tool Versions:</h2>
IDE-Version: μVision V5.14.0.0
Copyright (C) 2015 ARM Ltd and ARM Germany GmbH. All rights reserved.
License Information: KAISHENG SHI, SHANXI TECHNOLOGY AND SCIENCE UNIVERSITY, LIC=SDA0P-M5SKH-AR2XW-QJC8I-CALNQ-99D07
 
Tool Versions:
Toolchain:       MDK-ARM Standard  Version: 5.14.0.0
Toolchain Path:  D:\Keil_v5\ARM\ARMCC\Bin
C Compiler:      Armcc.exe V5.05 update 1 (build 106)
Assembler:       Armasm.exe V5.05 update 1 (build 106)
Linker/Locator:  ArmLink.exe V5.05 update 1 (build 106)
Library Manager: ArmAr.exe V5.05 update 1 (build 106)
Hex Converter:   FromElf.exe V5.05 update 1 (build 106)
CPU DLL:         SARMCM3.DLL V5.14.0.0
Dialog DLL:      DCM.DLL V1.13.1.0
Target DLL:      STLink\ST-LINKIII-KEIL_SWO.dll V2.0.14.0_KEIL
Dialog DLL:      TCM.DLL V1.14.4.0
 
<h2>Project:</h2>
D:\projects\stm32\stm32-projects-notes\库函数版本\STM32_Draw-master\USER\LED.uvprojx
Project File Date:  08/07/2017

<h2>Output:</h2>
Build target 'LED'
compiling main.c...
compiling stm32f4xx_it.c...
compiling system_stm32f4xx.c...
compiling LCD12864.c...
compiling FPGASPI.c...
compiling dac.c...
compiling Relay.c...
compiling DAC8560_Driver.c...
compiling pid.c...
compiling filter.c...
compiling stmflash.c...
compiling KeyBoard.c...
compiling ADS1118_SPI.c...
compiling AD9854.c...
compiling lcd.c...
compiling PulseMeter.c...
compiling delay.c...
compiling usart.c...
compiling sys.c...
assembling startup_stm32f40_41xxx.s...
compiling misc.c...
compiling stm32f4xx_gpio.c...
compiling stm32f4xx_rcc.c...
compiling stm32f4xx_syscfg.c...
compiling stm32f4xx_usart.c...
compiling stm32f4xx_dac.c...
compiling stm32f4xx_tim.c...
compiling stm32f4xx_flash.c...
compiling stm32f4xx_fsmc.c...
compiling stm32f4xx_exti.c...
compiling GUITask.c...
..\Task\GUITask.c(331): warning:  #174-D: expression has no effect
                                CorrectionBreak: __NOP;
..\Task\GUITask.c(371): warning:  #174-D: expression has no effect
                                CuttingOutBreak: __NOP;
..\Task\GUITask.c(527): warning:  #174-D: expression has no effect
                                BreakFlag: __NOP;
..\Task\GUITask.c(287): warning:  #550-D: variable "BottomFreq" was set but never used
        double BottomFreq=0;
..\Task\GUITask.c: 4 warnings, 0 errors
linking...
Program Size: Code=40392 RO-data=20448 RW-data=20720 ZI-data=1968  
FromELF: creating hex file...
"..\OBJ\LED.axf" - 0 Error(s), 4 Warning(s).

<h2>Collection of Component include folders:</h2>
  D:\projects\stm32\stm32-projects-notes\库函数版本\STM32_Draw-master\USER\RTE
  D:\Keil_v5\ARM\PACK\Keil\STM32F1xx_DFP\1.0.5\Device\Include

<h2>Collection of Component Files used:</h2>
</pre>
</body>
</html>
