<html>
<body>
<pre>
<h1>礦ision Build Log</h1>
<h2>Tool Versions:</h2>
IDE-Version: μVision V5.14.0.0
Copyright (C) 2015 ARM Ltd and ARM Germany GmbH. All rights reserved.
License Information: KAISHENG SHI, SHANXI TECHNOLOGY AND SCIENCE UNIVERSITY, LIC=SDA0P-M5SKH-AR2XW-QJC8I-CALNQ-99D07
 
Tool Versions:
Toolchain:       MDK-ARM Standard  Version: 5.14.0.0
Toolchain Path:  D:\Keil_v5\ARM\ARMCC\Bin
C Compiler:      Armcc.exe V5.05 update 1 (build 106)
Assembler:       Armasm.exe V5.05 update 1 (build 106)
Linker/Locator:  ArmLink.exe V5.05 update 1 (build 106)
Library Manager: ArmAr.exe V5.05 update 1 (build 106)
Hex Converter:   FromElf.exe V5.05 update 1 (build 106)
CPU DLL:         SARMCM3.DLL V5.14.0.0
Dialog DLL:      DCM.DLL V1.13.1.0
Target DLL:      STLink\ST-LINKIII-KEIL_SWO.dll V2.0.14.0_KEIL
Dialog DLL:      TCM.DLL V1.14.4.0
 
<h2>Project:</h2>
D:\projects\stm32\stm32-projects-notes\库函数版本\IWDG\USER\Template.uvprojx
Project File Date:  06/29/2020

<h2>Output:</h2>
Build target 'WDG'
compiling main.c...
main.c(21): warning:  #223-D: function "IWDG_Init" declared implicitly
         IWDG_Init(4,1250); //我们设置溢出时间为2s，预分频系数为4，则rlr为625
main.c(11): warning:  #177-D: variable "key" was declared but never referenced
        u8 key;
main.c: 2 warnings, 0 errors
linking...
Program Size: Code=2048 RO-data=336 RW-data=32 ZI-data=1832  
FromELF: creating hex file...
"..\OBJ\Template.axf" - 0 Error(s), 2 Warning(s).

<h2>Collection of Component include folders:</h2>
  D:\projects\stm32\stm32-projects-notes\库函数版本\IWDG\USER\RTE
  D:\Keil_v5\ARM\PACK\Keil\STM32F1xx_DFP\1.0.5\Device\Include

<h2>Collection of Component Files used:</h2>
</pre>
</body>
</html>
